Component: ARM Compiler 5.06 update 6 (build 750) Tool: armlink [4d35ed]

==============================================================================

Section Cross References

    startup_stm32f767xx.o(RESET) refers to startup_stm32f767xx.o(STACK) for __initial_sp
    startup_stm32f767xx.o(RESET) refers to startup_stm32f767xx.o(.text) for Reset_Handler
    startup_stm32f767xx.o(RESET) refers to stm32f7xx_it.o(i.NMI_Handler) for NMI_Handler
    startup_stm32f767xx.o(RESET) refers to stm32f7xx_it.o(i.HardFault_Handler) for HardFault_Handler
    startup_stm32f767xx.o(RESET) refers to stm32f7xx_it.o(i.MemManage_Handler) for MemManage_Handler
    startup_stm32f767xx.o(RESET) refers to stm32f7xx_it.o(i.BusFault_Handler) for BusFault_Handler
    startup_stm32f767xx.o(RESET) refers to stm32f7xx_it.o(i.UsageFault_Handler) for UsageFault_Handler
    startup_stm32f767xx.o(RESET) refers to stm32f7xx_it.o(i.SVC_Handler) for SVC_Handler
    startup_stm32f767xx.o(RESET) refers to stm32f7xx_it.o(i.DebugMon_Handler) for DebugMon_Handler
    startup_stm32f767xx.o(RESET) refers to stm32f7xx_it.o(i.PendSV_Handler) for PendSV_Handler
    startup_stm32f767xx.o(RESET) refers to stm32f7xx_it.o(i.SysTick_Handler) for SysTick_Handler
    startup_stm32f767xx.o(RESET) refers to stm32f7xx_it.o(i.EXTI3_IRQHandler) for EXTI3_IRQHandler
    startup_stm32f767xx.o(RESET) refers to stm32f7xx_it.o(i.EXTI9_5_IRQHandler) for EXTI9_5_IRQHandler
    startup_stm32f767xx.o(RESET) refers to stm32f7xx_it.o(i.RTC_Alarm_IRQHandler) for RTC_Alarm_IRQHandler
    startup_stm32f767xx.o(.text) refers to system_stm32f7xx.o(i.SystemInit) for SystemInit
    startup_stm32f767xx.o(.text) refers to entry.o(.ARM.Collect$$$$00000000) for __main
    max_matrix_stm32.o(i.max_clear) refers to max_matrix_stm32.o(i.setrow) for setrow
    max_matrix_stm32.o(i.max_clear) refers to max_matrix_stm32.o(.bss) for .bss
    max_matrix_stm32.o(i.max_init) refers to max_matrix_stm32.o(i.write_max_cmd) for write_max_cmd
    max_matrix_stm32.o(i.max_init) refers to max_matrix_stm32.o(i.max_clear) for max_clear
    max_matrix_stm32.o(i.scroll_char) refers to max_matrix_stm32.o(i.setrow) for setrow
    max_matrix_stm32.o(i.scroll_char) refers to max_matrix_stm32.o(i.shiftleft) for shiftleft
    max_matrix_stm32.o(i.scroll_char) refers to stm32f7xx_hal.o(i.HAL_Delay) for HAL_Delay
    max_matrix_stm32.o(i.scroll_char) refers to max_matrix_stm32.o(i.shiftright) for shiftright
    max_matrix_stm32.o(i.scroll_char) refers to max_matrix_stm32.o(.data) for .data
    max_matrix_stm32.o(i.scroll_string) refers to max_matrix_stm32.o(i.shift_char) for shift_char
    max_matrix_stm32.o(i.setled) refers to stm32f7xx_hal_gpio.o(i.HAL_GPIO_WritePin) for HAL_GPIO_WritePin
    max_matrix_stm32.o(i.setled) refers to max_matrix_stm32.o(i.write_byte) for write_byte
    max_matrix_stm32.o(i.setled) refers to max_matrix_stm32.o(.bss) for .bss
    max_matrix_stm32.o(i.setrow) refers to max_matrix_stm32.o(i.setled) for setled
    max_matrix_stm32.o(i.setrow) refers to max_matrix_stm32.o(i.write_byte) for write_byte
    max_matrix_stm32.o(i.setrow) refers to max_matrix_stm32.o(.bss) for .bss
    max_matrix_stm32.o(i.shift_char) refers to max_matrix_stm32.o(i.setrow) for setrow
    max_matrix_stm32.o(i.shift_char) refers to max_matrix_stm32.o(i.shiftleft) for shiftleft
    max_matrix_stm32.o(i.shift_char) refers to stm32f7xx_hal.o(i.HAL_Delay) for HAL_Delay
    max_matrix_stm32.o(i.shift_char) refers to max_matrix_stm32.o(i.shiftright) for shiftright
    max_matrix_stm32.o(i.shift_char) refers to max_matrix_stm32.o(.data) for .data
    max_matrix_stm32.o(i.shiftleft) refers to max_matrix_stm32.o(i.setrow) for setrow
    max_matrix_stm32.o(i.shiftleft) refers to max_matrix_stm32.o(.bss) for .bss
    max_matrix_stm32.o(i.shiftright) refers to max_matrix_stm32.o(i.setrow) for setrow
    max_matrix_stm32.o(i.shiftright) refers to max_matrix_stm32.o(.bss) for .bss
    max_matrix_stm32.o(i.write_byte) refers to stm32f7xx_hal_gpio.o(i.HAL_GPIO_WritePin) for HAL_GPIO_WritePin
    max_matrix_stm32.o(i.write_char) refers to max_matrix_stm32.o(i.setrow) for setrow
    max_matrix_stm32.o(i.write_char) refers to max_matrix_stm32.o(.data) for .data
    max_matrix_stm32.o(i.write_max_cmd) refers to stm32f7xx_hal_gpio.o(i.HAL_GPIO_WritePin) for HAL_GPIO_WritePin
    max_matrix_stm32.o(i.write_max_cmd) refers to max_matrix_stm32.o(i.write_byte) for write_byte
    main.o(i.Clock_Metrix_Display) refers to max_matrix_stm32.o(i.write_char) for write_char
    main.o(i.Clock_Metrix_Display) refers to max_matrix_stm32.o(i.scroll_string) for scroll_string
    main.o(i.Clock_Metrix_Display) refers to stm32f7xx_hal.o(i.HAL_Delay) for HAL_Delay
    main.o(i.DWT_Delay_us) refers to stm32f7xx_hal_rcc.o(i.HAL_RCC_GetHCLKFreq) for HAL_RCC_GetHCLKFreq
    main.o(i.HAL_GPIO_EXTI_Callback) refers to stm32f7xx_hal.o(i.HAL_Delay) for HAL_Delay
    main.o(i.HAL_GPIO_EXTI_Callback) refers to main.o(.data) for .data
[...]
    ../fplib/microlib/fpepilogue.c           0x00000000   Number         0  depilogue.o ABSOLUTE
    ../fplib/microlib/fpfix.c                0x00000000   Number         0  dfixul.o ABSOLUTE
    ../fplib/microlib/fpmul.c                0x00000000   Number         0  dmul.o ABSOLUTE
    ..\Drivers\STM32F7xx_HAL_Driver\Src\stm32f7xx_hal.c 0x00000000   Number         0  stm32f7xx_hal.o ABSOLUTE
    ..\Drivers\STM32F7xx_HAL_Driver\Src\stm32f7xx_hal_adc.c 0x00000000   Number         0  stm32f7xx_hal_adc.o ABSOLUTE
    ..\Drivers\STM32F7xx_HAL_Driver\Src\stm32f7xx_hal_adc_ex.c 0x00000000   Number         0  stm32f7xx_hal_adc_ex.o ABSOLUTE
    ..\Drivers\STM32F7xx_HAL_Driver\Src\stm32f7xx_hal_cortex.c 0x00000000   Number         0  stm32f7xx_hal_cortex.o ABSOLUTE
    ..\Drivers\STM32F7xx_HAL_Driver\Src\stm32f7xx_hal_dma.c 0x00000000   Number         0  stm32f7xx_hal_dma.o ABSOLUTE
    ..\Drivers\STM32F7xx_HAL_Driver\Src\stm32f7xx_hal_dma_ex.c 0x00000000   Number         0  stm32f7xx_hal_dma_ex.o ABSOLUTE
    ..\Drivers\STM32F7xx_HAL_Driver\Src\stm32f7xx_hal_eth.c 0x00000000   Number         0  stm32f7xx_hal_eth.o ABSOLUTE
    ..\Drivers\STM32F7xx_HAL_Driver\Src\stm32f7xx_hal_exti.c 0x00000000   Number         0  stm32f7xx_hal_exti.o ABSOLUTE
    ..\Drivers\STM32F7xx_HAL_Driver\Src\stm32f7xx_hal_flash.c 0x00000000   Number         0  stm32f7xx_hal_flash.o ABSOLUTE
    ..\Drivers\STM32F7xx_HAL_Driver\Src\stm32f7xx_hal_flash_ex.c 0x00000000   Number         0  stm32f7xx_hal_flash_ex.o ABSOLUTE
    ..\Drivers\STM32F7xx_HAL_Driver\Src\stm32f7xx_hal_gpio.c 0x00000000   Number         0  stm32f7xx_hal_gpio.o ABSOLUTE
    ..\Drivers\STM32F7xx_HAL_Driver\Src\stm32f7xx_hal_i2c.c 0x00000000   Number         0  stm32f7xx_hal_i2c.o ABSOLUTE
    ..\Drivers\STM32F7xx_HAL_Driver\Src\stm32f7xx_hal_i2c_ex.c 0x00000000   Number         0  stm32f7xx_hal_i2c_ex.o ABSOLUTE
    ..\Drivers\STM32F7xx_HAL_Driver\Src\stm32f7xx_hal_pcd.c 0x00000000   Number         0  stm32f7xx_hal_pcd.o ABSOLUTE
    ..\Drivers\STM32F7xx_HAL_Driver\Src\stm32f7xx_hal_pcd_ex.c 0x00000000   Number         0  stm32f7xx_hal_pcd_ex.o ABSOLUTE
    ..\Drivers\STM32F7xx_HAL_Driver\Src\stm32f7xx_hal_pwr.c 0x00000000   Number         0  stm32f7xx_hal_pwr.o ABSOLUTE
    ..\Drivers\STM32F7xx_HAL_Driver\Src\stm32f7xx_hal_pwr_ex.c 0x00000000   Number         0  stm32f7xx_hal_pwr_ex.o ABSOLUTE
    ..\Drivers\STM32F7xx_HAL_Driver\Src\stm32f7xx_hal_rcc.c 0x00000000   Number         0  stm32f7xx_hal_rcc.o ABSOLUTE
    ..\Drivers\STM32F7xx_HAL_Driver\Src\stm32f7xx_hal_rcc_ex.c 0x00000000   Number         0  stm32f7xx_hal_rcc_ex.o ABSOLUTE
    ..\Drivers\STM32F7xx_HAL_Driver\Src\stm32f7xx_hal_rtc.c 0x00000000   Number         0  stm32f7xx_hal_rtc.o ABSOLUTE
    ..\Drivers\STM32F7xx_HAL_Driver\Src\stm32f7xx_hal_rtc_ex.c 0x00000000   Number         0  stm32f7xx_hal_rtc_ex.o ABSOLUTE
    ..\Drivers\STM32F7xx_HAL_Driver\Src\stm32f7xx_hal_tim.c 0x00000000   Number         0  stm32f7xx_hal_tim.o ABSOLUTE
    ..\Drivers\STM32F7xx_HAL_Driver\Src\stm32f7xx_hal_tim_ex.c 0x00000000   Number         0  stm32f7xx_hal_tim_ex.o ABSOLUTE
    ..\Drivers\STM32F7xx_HAL_Driver\Src\stm32f7xx_hal_uart.c 0x00000000   Number         0  stm32f7xx_hal_uart.o ABSOLUTE
    ..\Drivers\STM32F7xx_HAL_Driver\Src\stm32f7xx_hal_uart_ex.c 0x00000000   Number         0  stm32f7xx_hal_uart_ex.o ABSOLUTE
    ..\Drivers\STM32F7xx_HAL_Driver\Src\stm32f7xx_ll_usb.c 0x00000000   Number         0  stm32f7xx_ll_usb.o ABSOLUTE
    ..\Src\adc.c                             0x00000000   Number         0  adc.o ABSOLUTE
    ..\Src\eth.c                             0x00000000   Number         0  eth.o ABSOLUTE
    ..\Src\gpio.c                            0x00000000   Number         0  gpio.o ABSOLUTE
    ..\Src\i2c.c                             0x00000000   Number         0  i2c.o ABSOLUTE
    ..\Src\main.c                            0x00000000   Number         0  main.o ABSOLUTE
    ..\Src\rtc.c                             0x00000000   Number         0  rtc.o ABSOLUTE
    ..\Src\stm32f7xx_hal_msp.c               0x00000000   Number         0  stm32f7xx_hal_msp.o ABSOLUTE
    ..\Src\stm32f7xx_it.c                    0x00000000   Number         0  stm32f7xx_it.o ABSOLUTE
    ..\Src\system_stm32f7xx.c                0x00000000   Number         0  system_stm32f7xx.o ABSOLUTE
    ..\Src\usart.c                           0x00000000   Number         0  usart.o ABSOLUTE
    ..\Src\usb_otg.c                         0x00000000   Number         0  usb_otg.o ABSOLUTE
    ..\\max_matrix_stm32.c                   0x00000000   Number         0  max_matrix_stm32.o ABSOLUTE
    ..\max_matrix_stm32.c                    0x00000000   Number         0  max_matrix_stm32.o ABSOLUTE
    D:\MADProject\Dustsensor\dwt_stm32_delay.c 0x00000000   Number         0  dwt_stm32_delay.o ABSOLUTE
    D:\\MADProject\\Dustsensor\\dwt_stm32_delay.c 0x00000000   Number         0  dwt_stm32_delay.o ABSOLUTE
    cdrcmple.s                               0x00000000   Number         0  cdrcmple.o ABSOLUTE
    dc.s                                     0x00000000   Number         0  dc.o ABSOLUTE
    handlers.s                               0x00000000   Number         0  handlers.o ABSOLUTE
    init.s                                   0x00000000   Number         0  init.o ABSOLUTE
    startup_stm32f767xx.s                    0x00000000   Number         0  startup_stm32f767xx.o ABSOLUTE
    RESET                                    0x08000000   Section      504  startup_stm32f767xx.o(RESET)
    .ARM.Collect$$$$00000000                 0x080001f8   Section        0  entry.o(.ARM.Collect$$$$00000000)
    .ARM.Collect$$$$00000001                 0x080001f8   Section        4  entry2.o(.ARM.Collect$$$$00000001)
    .ARM.Collect$$$$00000004                 0x080001fc   Section        4  entry5.o(.ARM.Collect$$$$00000004)
    .ARM.Collect$$$$00000008                 0x08000200   Section        0  entry7b.o(.ARM.Collect$$$$00000008)
    .ARM.Collect$$$$0000000A                 0x08000200   Section        0  entry8b.o(.ARM.Collect$$$$0000000A)
    .ARM.Collect$$$$0000000B                 0x08000200   Section        8  entry9a.o(.ARM.Collect$$$$0000000B)
    .ARM.Collect$$$$0000000D                 0x08000208   Section        0  entry10a.o(.ARM.Collect$$$$0000000D)
    .ARM.Collect$$$$0000000F                 0x08000208   Section        0  entry11a.o(.ARM.Collect$$$$0000000F)
    .ARM.Collect$$$$00002712                 0x08000208   Section        4  entry2.o(.ARM.Collect$$$$00002712)
    __lit__00000000                          0x08000208   Data           4  entry2.o(.ARM.Collect$$$$00002712)
    .text                                    0x0800020c   Section       36  startup_stm32f767xx.o(.text)
    $v0                                      0x0800020c   Number         0  startup_stm32f767xx.o(.text)
    .text                                    0x08000230   Section        0  uldiv.o(.text)
    .text                                    0x08000292   Section        0  memcpya.o(.text)
    .text                                    0x080002b6   Section        0  memseta.o(.text)
    .text                                    0x080002da   Section        0  strlen.o(.text)
    .text                                    0x080002e8   Section        0  uidiv.o(.text)
    .text                                    0x08000314   Section        0  llshl.o(.text)
    .text                                    0x08000332   Section        0  llushr.o(.text)
    .text                                    0x08000352   Section        0  iusefp.o(.text)
    .text                                    0x08000352   Section        0  dadd.o(.text)
    .text                                    0x080004a0   Section        0  dmul.o(.text)
    .text                                    0x08000584   Section        0  ddiv.o(.text)
    .text                                    0x08000662   Section        0  dfixul.o(.text)
    .text                                    0x08000694   Section       48  cdrcmple.o(.text)
    .text                                    0x080006c4   Section       36  init.o(.text)
    .text                                    0x080006e8   Section        0  llsshr.o(.text)
    .text                                    0x0800070c   Section        0  depilogue.o(.text)
    .text                                    0x080007c6   Section        0  __dczerorl2.o(.text)
    i.ADC_Init                               0x0800081c   Section        0  stm32f7xx_hal_adc.o(i.ADC_Init)
    ADC_Init                                 0x0800081d   Thumb Code   298  stm32f7xx_hal_adc.o(i.ADC_Init)
    i.BusFault_Handler                       0x08000954   Section        0  stm32f7xx_it.o(i.BusFault_Handler)
    i.CRC16_2                                0x08000958   Section        0  main.o(i.CRC16_2)
    i.DWT_Delay_Init                         0x0800098c   Section        0  dwt_stm32_delay.o(i.DWT_Delay_Init)
    i.DWT_Delay_us                           0x080009d0   Section        0  main.o(i.DWT_Delay_us)
    DWT_Delay_us                             0x080009d1   Thumb Code    34  main.o(i.DWT_Delay_us)
    i.DebugMon_Handler                       0x080009fc   Section        0  stm32f7xx_it.o(i.DebugMon_Handler)
    i.ETH_MACDMAConfig                       0x08000a00   Section        0  stm32f7xx_hal_eth.o(i.ETH_MACDMAConfig)
    ETH_MACDMAConfig                         0x08000a01   Thumb Code   268  stm32f7xx_hal_eth.o(i.ETH_MACDMAConfig)
    i.EXTI3_IRQHandler                       0x08000b24   Section        0  stm32f7xx_it.o(i.EXTI3_IRQHandler)
    i.EXTI9_5_IRQHandler                     0x08000b2a   Section        0  stm32f7xx_it.o(i.EXTI9_5_IRQHandler)
    i.Error_Handler                          0x08000b32   Section        0  main.o(i.Error_Handler)
    i.HAL_ADC_ConfigChannel                  0x08000b34   Section        0  stm32f7xx_hal_adc.o(i.HAL_ADC_ConfigChannel)
    i.HAL_ADC_GetValue                       0x08000c98   Section        0  stm32f7xx_hal_adc.o(i.HAL_ADC_GetValue)
    i.HAL_ADC_Init                           0x08000c9e   Section        0  stm32f7xx_hal_adc.o(i.HAL_ADC_Init)
    i.HAL_ADC_MspInit                        0x08000cf4   Section        0  adc.o(i.HAL_ADC_MspInit)
    i.HAL_ADC_PollForConversion              0x08000d54   Section        0  stm32f7xx_hal_adc.o(i.HAL_ADC_PollForConversion)
    i.HAL_ADC_Start                          0x08000df4   Section        0  stm32f7xx_hal_adc.o(i.HAL_ADC_Start)
    i.HAL_Delay                              0x08000ed4   Section        0  stm32f7xx_hal.o(i.HAL_Delay)
    i.HAL_ETH_Init                           0x08000ef8   Section        0  stm32f7xx_hal_eth.o(i.HAL_ETH_Init)
    i.HAL_ETH_MspInit                        0x080010e8   Section        0  eth.o(i.HAL_ETH_MspInit)
    i.HAL_ETH_ReadPHYRegister                0x080011d0   Section        0  stm32f7xx_hal_eth.o(i.HAL_ETH_ReadPHYRegister)
    i.HAL_ETH_WritePHYRegister               0x08001258   Section        0  stm32f7xx_hal_eth.o(i.HAL_ETH_WritePHYRegister)
    i.HAL_GPIO_EXTI_Callback                 0x080012d4   Section        0  main.o(i.HAL_GPIO_EXTI_Callback)
    i.HAL_GPIO_EXTI_IRQHandler               0x08001338   Section        0  stm32f7xx_hal_gpio.o(i.HAL_GPIO_EXTI_IRQHandler)
    i.HAL_GPIO_Init                          0x08001350   Section        0  stm32f7xx_hal_gpio.o(i.HAL_GPIO_Init)
    i.HAL_GPIO_ReadPin                       0x08001528   Section        0  stm32f7xx_hal_gpio.o(i.HAL_GPIO_ReadPin)
    i.HAL_GPIO_TogglePin                     0x08001532   Section        0  stm32f7xx_hal_gpio.o(i.HAL_GPIO_TogglePin)
    i.HAL_GPIO_WritePin                      0x08001540   Section        0  stm32f7xx_hal_gpio.o(i.HAL_GPIO_WritePin)
    i.HAL_GetTick                            0x0800154c   Section        0  stm32f7xx_hal.o(i.HAL_GetTick)
    i.HAL_I2CEx_ConfigAnalogFilter           0x08001558   Section        0  stm32f7xx_hal_i2c_ex.o(i.HAL_I2CEx_ConfigAnalogFilter)
    i.HAL_I2CEx_ConfigDigitalFilter          0x080015b0   Section        0  stm32f7xx_hal_i2c_ex.o(i.HAL_I2CEx_ConfigDigitalFilter)
    i.HAL_I2C_Init                           0x08001604   Section        0  stm32f7xx_hal_i2c.o(i.HAL_I2C_Init)
    i.HAL_I2C_Master_Receive                 0x080016bc   Section        0  stm32f7xx_hal_i2c.o(i.HAL_I2C_Master_Receive)
    i.HAL_I2C_Master_Transmit                0x080017e0   Section        0  stm32f7xx_hal_i2c.o(i.HAL_I2C_Master_Transmit)
    i.HAL_I2C_MspInit                        0x08001904   Section        0  i2c.o(i.HAL_I2C_MspInit)
    i.HAL_IncTick                            0x08001968   Section        0  stm32f7xx_hal.o(i.HAL_IncTick)
    i.HAL_Init                               0x08001978   Section        0  stm32f7xx_hal.o(i.HAL_Init)
    i.HAL_InitTick                           0x08001990   Section        0  stm32f7xx_hal.o(i.HAL_InitTick)
    i.HAL_MspInit                            0x080019d0   Section        0  stm32f7xx_hal_msp.o(i.HAL_MspInit)
    i.HAL_NVIC_EnableIRQ                     0x08001a00   Section        0  stm32f7xx_hal_cortex.o(i.HAL_NVIC_EnableIRQ)
    i.HAL_NVIC_SetPriority                   0x08001a1c   Section        0  stm32f7xx_hal_cortex.o(i.HAL_NVIC_SetPriority)
    i.HAL_NVIC_SetPriorityGrouping           0x08001a5c   Section        0  stm32f7xx_hal_cortex.o(i.HAL_NVIC_SetPriorityGrouping)
    i.HAL_PCDEx_ActivateLPM                  0x08001a80   Section        0  stm32f7xx_hal_pcd_ex.o(i.HAL_PCDEx_ActivateLPM)
    i.HAL_PCD_Init                           0x08001aa8   Section        0  stm32f7xx_hal_pcd.o(i.HAL_PCD_Init)
    i.HAL_PCD_MspInit                        0x08001b94   Section        0  usb_otg.o(i.HAL_PCD_MspInit)
    i.HAL_PWREx_EnableOverDrive              0x08001c20   Section        0  stm32f7xx_hal_pwr_ex.o(i.HAL_PWREx_EnableOverDrive)
    i.HAL_PWR_EnableBkUpAccess               0x08001c8c   Section        0  stm32f7xx_hal_pwr.o(i.HAL_PWR_EnableBkUpAccess)
    i.HAL_RCCEx_PeriphCLKConfig              0x08001c9c   Section        0  stm32f7xx_hal_rcc_ex.o(i.HAL_RCCEx_PeriphCLKConfig)
    i.HAL_RCC_ClockConfig                    0x080021d8   Section        0  stm32f7xx_hal_rcc.o(i.HAL_RCC_ClockConfig)
    i.HAL_RCC_GetHCLKFreq                    0x08002304   Section        0  stm32f7xx_hal_rcc.o(i.HAL_RCC_GetHCLKFreq)
    i.HAL_RCC_GetPCLK1Freq                   0x08002310   Section        0  stm32f7xx_hal_rcc.o(i.HAL_RCC_GetPCLK1Freq)
    i.HAL_RCC_GetPCLK2Freq                   0x08002330   Section        0  stm32f7xx_hal_rcc.o(i.HAL_RCC_GetPCLK2Freq)
    i.HAL_RCC_GetSysClockFreq                0x08002350   Section        0  stm32f7xx_hal_rcc.o(i.HAL_RCC_GetSysClockFreq)
    i.HAL_RCC_OscConfig                      0x080023b0   Section        0  stm32f7xx_hal_rcc.o(i.HAL_RCC_OscConfig)
    i.HAL_RTCEx_AlarmBEventCallback          0x080026ec   Section        0  stm32f7xx_hal_rtc_ex.o(i.HAL_RTCEx_AlarmBEventCallback)
    i.HAL_RTCEx_BKUPRead                     0x080026ee   Section        0  stm32f7xx_hal_rtc_ex.o(i.HAL_RTCEx_BKUPRead)
    i.HAL_RTCEx_BKUPWrite                    0x080026f8   Section        0  stm32f7xx_hal_rtc_ex.o(i.HAL_RTCEx_BKUPWrite)
    i.HAL_RTC_AlarmAEventCallback            0x08002704   Section        0  main.o(i.HAL_RTC_AlarmAEventCallback)
    i.HAL_RTC_AlarmIRQHandler                0x08002710   Section        0  stm32f7xx_hal_rtc.o(i.HAL_RTC_AlarmIRQHandler)
    i.HAL_RTC_GetAlarm                       0x0800276c   Section        0  stm32f7xx_hal_rtc.o(i.HAL_RTC_GetAlarm)
    i.HAL_RTC_GetDate                        0x080027ec   Section        0  stm32f7xx_hal_rtc.o(i.HAL_RTC_GetDate)
    i.HAL_RTC_GetTime                        0x08002834   Section        0  stm32f7xx_hal_rtc.o(i.HAL_RTC_GetTime)
    i.HAL_RTC_Init                           0x08002890   Section        0  stm32f7xx_hal_rtc.o(i.HAL_RTC_Init)
    i.HAL_RTC_MspInit                        0x08002930   Section        0  rtc.o(i.HAL_RTC_MspInit)
    i.HAL_RTC_SetAlarm_IT                    0x08002964   Section        0  stm32f7xx_hal_rtc.o(i.HAL_RTC_SetAlarm_IT)
    i.HAL_RTC_SetDate                        0x08002af0   Section        0  stm32f7xx_hal_rtc.o(i.HAL_RTC_SetDate)
    i.HAL_RTC_SetTime                        0x08002bbc   Section        0  stm32f7xx_hal_rtc.o(i.HAL_RTC_SetTime)
    i.HAL_RTC_WaitForSynchro                 0x08002ca8   Section        0  stm32f7xx_hal_rtc.o(i.HAL_RTC_WaitForSynchro)
    i.HAL_SYSTICK_Config                     0x08002cde   Section        0  stm32f7xx_hal_cortex.o(i.HAL_SYSTICK_Config)
    i.HAL_UART_Init                          0x08002d04   Section        0  stm32f7xx_hal_uart.o(i.HAL_UART_Init)
    i.HAL_UART_MspInit                       0x08002d6c   Section        0  usart.o(i.HAL_UART_MspInit)
    i.HAL_UART_Transmit                      0x08002dd0   Section        0  stm32f7xx_hal_uart.o(i.HAL_UART_Transmit)
    i.HardFault_Handler                      0x08002e86   Section        0  stm32f7xx_it.o(i.HardFault_Handler)
    i.I2C_Flush_TXDR                         0x08002e88   Section        0  stm32f7xx_hal_i2c.o(i.I2C_Flush_TXDR)
    I2C_Flush_TXDR                           0x08002e89   Thumb Code    34  stm32f7xx_hal_i2c.o(i.I2C_Flush_TXDR)
    i.I2C_IsAcknowledgeFailed                0x08002eac   Section        0  stm32f7xx_hal_i2c.o(i.I2C_IsAcknowledgeFailed)
    I2C_IsAcknowledgeFailed                  0x08002ead   Thumb Code   132  stm32f7xx_hal_i2c.o(i.I2C_IsAcknowledgeFailed)
    i.I2C_TransferConfig                     0x08002f34   Section        0  stm32f7xx_hal_i2c.o(i.I2C_TransferConfig)
    I2C_TransferConfig                       0x08002f35   Thumb Code    40  stm32f7xx_hal_i2c.o(i.I2C_TransferConfig)
    i.I2C_WaitOnFlagUntilTimeout             0x08002f60   Section        0  stm32f7xx_hal_i2c.o(i.I2C_WaitOnFlagUntilTimeout)
    I2C_WaitOnFlagUntilTimeout               0x08002f61   Thumb Code    90  stm32f7xx_hal_i2c.o(i.I2C_WaitOnFlagUntilTimeout)
    i.I2C_WaitOnRXNEFlagUntilTimeout         0x08002fbc   Section        0  stm32f7xx_hal_i2c.o(i.I2C_WaitOnRXNEFlagUntilTimeout)
    I2C_WaitOnRXNEFlagUntilTimeout           0x08002fbd   Thumb Code   130  stm32f7xx_hal_i2c.o(i.I2C_WaitOnRXNEFlagUntilTimeout)
    i.I2C_WaitOnSTOPFlagUntilTimeout         0x08003044   Section        0  stm32f7xx_hal_i2c.o(i.I2C_WaitOnSTOPFlagUntilTimeout)
    I2C_WaitOnSTOPFlagUntilTimeout           0x08003045   Thumb Code    78  stm32f7xx_hal_i2c.o(i.I2C_WaitOnSTOPFlagUntilTimeout)
    i.I2C_WaitOnTXISFlagUntilTimeout         0x08003092   Section        0  stm32f7xx_hal_i2c.o(i.I2C_WaitOnTXISFlagUntilTimeout)
    I2C_WaitOnTXISFlagUntilTimeout           0x08003093   Thumb Code    82  stm32f7xx_hal_i2c.o(i.I2C_WaitOnTXISFlagUntilTimeout)
    i.MX_ADC1_Init                           0x080030e4   Section        0  adc.o(i.MX_ADC1_Init)
    i.MX_ETH_Init                            0x08003144   Section        0  eth.o(i.MX_ETH_Init)
    i.MX_GPIO_Init                           0x08003194   Section        0  gpio.o(i.MX_GPIO_Init)
    i.MX_I2C1_Init                           0x08003314   Section        0  i2c.o(i.MX_I2C1_Init)
    i.MX_RTC_Init                            0x0800336c   Section        0  rtc.o(i.MX_RTC_Init)
    i.MX_USART3_UART_Init                    0x08003428   Section        0  usart.o(i.MX_USART3_UART_Init)
    i.MX_USB_OTG_FS_PCD_Init                 0x08003464   Section        0  usb_otg.o(i.MX_USB_OTG_FS_PCD_Init)
    i.MemManage_Handler                      0x080034a0   Section        0  stm32f7xx_it.o(i.MemManage_Handler)
    i.NMI_Handler                            0x080034a2   Section        0  stm32f7xx_it.o(i.NMI_Handler)
    i.PendSV_Handler                         0x080034a4   Section        0  stm32f7xx_it.o(i.PendSV_Handler)
    i.RTC_Alarm_IRQHandler                   0x080034a8   Section        0  stm32f7xx_it.o(i.RTC_Alarm_IRQHandler)
    i.RTC_Bcd2ToByte                         0x080034b4   Section        0  stm32f7xx_hal_rtc.o(i.RTC_Bcd2ToByte)
    i.RTC_ByteToBcd2                         0x080034c6   Section        0  stm32f7xx_hal_rtc.o(i.RTC_ByteToBcd2)
    i.RTC_EnterInitMode                      0x080034dc   Section        0  stm32f7xx_hal_rtc.o(i.RTC_EnterInitMode)
    i.SVC_Handler                            0x08003516   Section        0  stm32f7xx_it.o(i.SVC_Handler)
    i.SysTick_Handler                        0x08003518   Section        0  stm32f7xx_it.o(i.SysTick_Handler)
    i.SystemClock_Config                     0x0800352c   Section        0  main.o(i.SystemClock_Config)
    i.SystemInit                             0x080035e8   Section        0  system_stm32f7xx.o(i.SystemInit)
    i.UART_AdvFeatureConfig                  0x0800363c   Section        0  stm32f7xx_hal_uart.o(i.UART_AdvFeatureConfig)
    i.UART_CheckIdleState                    0x08003704   Section        0  stm32f7xx_hal_uart.o(i.UART_CheckIdleState)
    i.UART_SetConfig                         0x08003740   Section        0  stm32f7xx_hal_uart.o(i.UART_SetConfig)
    i.UART_WaitOnFlagUntilTimeout            0x08003994   Section        0  stm32f7xx_hal_uart.o(i.UART_WaitOnFlagUntilTimeout)
    i.USB_CoreInit                           0x080039f4   Section        0  stm32f7xx_ll_usb.o(i.USB_CoreInit)
    i.USB_CoreReset                          0x08003a60   Section        0  stm32f7xx_ll_usb.o(i.USB_CoreReset)
    USB_CoreReset                            0x08003a61   Thumb Code    50  stm32f7xx_ll_usb.o(i.USB_CoreReset)
    i.USB_DevDisconnect                      0x08003a98   Section        0  stm32f7xx_ll_usb.o(i.USB_DevDisconnect)
    i.USB_DevInit                            0x08003ab0   Section        0  stm32f7xx_ll_usb.o(i.USB_DevInit)
    i.USB_DisableGlobalInt                   0x08003c44   Section        0  stm32f7xx_ll_usb.o(i.USB_DisableGlobalInt)
    i.USB_FlushRxFifo                        0x08003c50   Section        0  stm32f7xx_ll_usb.o(i.USB_FlushRxFifo)
    i.USB_FlushTxFifo                        0x08003c70   Section        0  stm32f7xx_ll_usb.o(i.USB_FlushTxFifo)
    i.USB_SetCurrentMode                     0x08003c94   Section        0  stm32f7xx_ll_usb.o(i.USB_SetCurrentMode)
    i.UsageFault_Handler                     0x08003cc2   Section        0  stm32f7xx_it.o(i.UsageFault_Handler)
    i.__0sprintf                             0x08003cc4   Section        0  printfa.o(i.__0sprintf)
    i.__NVIC_SetPriority                     0x08003cec   Section        0  stm32f7xx_hal_cortex.o(i.__NVIC_SetPriority)
    __NVIC_SetPriority                       0x08003ced   Thumb Code    34  stm32f7xx_hal_cortex.o(i.__NVIC_SetPriority)
    i.__scatterload_copy                     0x08003d0e   Section       14  handlers.o(i.__scatterload_copy)
    i.__scatterload_null                     0x08003d1c   Section        2  handlers.o(i.__scatterload_null)
    i.__scatterload_zeroinit                 0x08003d1e   Section       14  handlers.o(i.__scatterload_zeroinit)
    i._fp_digits                             0x08003d2c   Section        0  printfa.o(i._fp_digits)
    _fp_digits                               0x08003d2d   Thumb Code   366  printfa.o(i._fp_digits)
    i._printf_core                           0x08003eb0   Section        0  printfa.o(i._printf_core)
    _printf_core                             0x08003eb1   Thumb Code  1744  printfa.o(i._printf_core)
    i._printf_post_padding                   0x0800458c   Section        0  printfa.o(i._printf_post_padding)
    _printf_post_padding                     0x0800458d   Thumb Code    36  printfa.o(i._printf_post_padding)
    i._printf_pre_padding                    0x080045b0   Section        0  printfa.o(i._printf_pre_padding)
    _printf_pre_padding                      0x080045b1   Thumb Code    46  printfa.o(i._printf_pre_padding)
    i._sputc                                 0x080045de   Section        0  printfa.o(i._sputc)
    _sputc                                   0x080045df   Thumb Code    10  printfa.o(i._sputc)
    i.checkstate_timer                       0x080045e8   Section        0  main.o(i.checkstate_timer)
    i.get_alarm                              0x08004724   Section        0  main.o(i.get_alarm)
    i.get_time                               0x080047a4   Section        0  main.o(i.get_time)
    i.get_timer                              0x08004810   Section        0  main.o(i.get_timer)
    i.main                                   0x08004834   Section        0  main.o(i.main)
    i.max_clear                              0x08004da0   Section        0  max_matrix_stm32.o(i.max_clear)
    i.max_init                               0x08004dcc   Section        0  max_matrix_stm32.o(i.max_init)
    i.scroll_string                          0x08004e00   Section        0  max_matrix_stm32.o(i.scroll_string)
    i.set_alarm                              0x08004e1c   Section        0  main.o(i.set_alarm)
    i.set_time                               0x08004f08   Section        0  main.o(i.set_time)
    i.setled                                 0x080051f4   Section        0  max_matrix_stm32.o(i.setled)
    i.setrow                                 0x08005278   Section        0  max_matrix_stm32.o(i.setrow)
    i.shift_char                             0x080052d0   Section        0  max_matrix_stm32.o(i.shift_char)
    i.shiftleft                              0x08005330   Section        0  max_matrix_stm32.o(i.shiftleft)
    i.shiftright                             0x08005360   Section        0  max_matrix_stm32.o(i.shiftright)
    i.timer_down                             0x0800538c   Section        0  main.o(i.timer_down)
    i.timer_up                               0x0800540c   Section        0  main.o(i.timer_up)
    i.to_do_alarm                            0x08005464   Section        0  main.o(i.to_do_alarm)
    i.write_byte                             0x080054ec   Section        0  max_matrix_stm32.o(i.write_byte)
    i.write_char                             0x08005530   Section        0  max_matrix_stm32.o(i.write_char)
    i.write_max_cmd                          0x08005568   Section        0  max_matrix_stm32.o(i.write_max_cmd)
    .constdata                               0x080055b0   Section       64  main.o(.constdata)
    .constdata                               0x080055f0   Section       16  system_stm32f7xx.o(.constdata)
    .constdata                               0x08005600   Section        8  system_stm32f7xx.o(.constdata)
    .data                                    0x20000000   Section     1016  max_matrix_stm32.o(.data)
    .data                                    0x200003f8   Section       48  main.o(.data)
    .data                                    0x20000428   Section       12  stm32f7xx_hal.o(.data)
    .data                                    0x20000434   Section        4  system_stm32f7xx.o(.data)
    .bss                                     0x20000438   Section      160  max_matrix_stm32.o(.bss)
    .bss                                     0x200004d8   Section      500  main.o(.bss)
    .bss                                     0x200006cc   Section       72  adc.o(.bss)
    .bss                                     0x20000714   Section       72  eth.o(.bss)
    .bss                                     0x2000075c   Section       76  i2c.o(.bss)
    .bss                                     0x200007a8   Section       32  rtc.o(.bss)
    .bss                                     0x200007c8   Section      128  usart.o(.bss)
    .bss                                     0x20000848   Section     1028  usb_otg.o(.bss)
    STACK                                    0x20000c50   Section     1024  startup_stm32f767xx.o(STACK)

    Global Symbols

    Symbol Name                              Value     Ov Type        Size  Object(Section)

    BuildAttributes$$THM_ISAv4$E$P$D$K$B$S$7EM$VFPv5_D16$PE$PLD8$A:L22UL41UL21$X:L11$S22US41US21$IEEE1$IW$USESV6$~STKCKD$USESV7$~SHL$OSPACE$ROPI$EBA8$MICROLIB$REQ8$PRES8$EABIv2 0x00000000   Number         0  anon$$obj.o ABSOLUTE
    __ARM_use_no_argv                        0x00000000   Number         0  main.o ABSOLUTE
    _printf_a                                0x00000000   Number         0  stubs.o ABSOLUTE
    _printf_c                                0x00000000   Number         0  stubs.o ABSOLUTE
    _printf_charcount                        0x00000000   Number         0  stubs.o ABSOLUTE
    _printf_d                                0x00000000   Number         0  stubs.o ABSOLUTE
    _printf_e                                0x00000000   Number         0  stubs.o ABSOLUTE
    _printf_f                                0x00000000   Number         0  stubs.o ABSOLUTE
    _printf_flags                            0x00000000   Number         0  stubs.o ABSOLUTE
    _printf_fp_dec                           0x00000000   Number         0  stubs.o ABSOLUTE
    _printf_fp_hex                           0x00000000   Number         0  stubs.o ABSOLUTE
    _printf_g                                0x00000000   Number         0  stubs.o ABSOLUTE
    _printf_i                                0x00000000   Number         0  stubs.o ABSOLUTE
    _printf_int_dec                          0x00000000   Number         0  stubs.o ABSOLUTE
    _printf_l                                0x00000000   Number         0  stubs.o ABSOLUTE
    _printf_lc                               0x00000000   Number         0  stubs.o ABSOLUTE
    _printf_ll                               0x00000000   Number         0  stubs.o ABSOLUTE
    _printf_lld                              0x00000000   Number         0  stubs.o ABSOLUTE
    _printf_lli                              0x00000000   Number         0  stubs.o ABSOLUTE
    _printf_llo                              0x00000000   Number         0  stubs.o ABSOLUTE
    _printf_llu                              0x00000000   Number         0  stubs.o ABSOLUTE
    _printf_llx                              0x00000000   Number         0  stubs.o ABSOLUTE
    _printf_longlong_dec                     0x00000000   Number         0  stubs.o ABSOLUTE
    _printf_longlong_hex                     0x00000000   Number         0  stubs.o ABSOLUTE
    _printf_longlong_oct                     0x00000000   Number         0  stubs.o ABSOLUTE
    _printf_ls                               0x00000000   Number         0  stubs.o ABSOLUTE
    _printf_mbtowc                           0x00000000   Number         0  stubs.o ABSOLUTE
    _printf_n                                0x00000000   Number         0  stubs.o ABSOLUTE
    _printf_o                                0x00000000   Number         0  stubs.o ABSOLUTE
    _printf_p                                0x00000000   Number         0  stubs.o ABSOLUTE
    _printf_percent                          0x00000000   Number         0  stubs.o ABSOLUTE
    _printf_pre_padding                      0x00000000   Number         0  stubs.o ABSOLUTE
    _printf_return_value                     0x00000000   Number         0  stubs.o ABSOLUTE
    _printf_s                                0x00000000   Number         0  stubs.o ABSOLUTE
    _printf_sizespec                         0x00000000   Number         0  stubs.o ABSOLUTE
    _printf_str                              0x00000000   Number         0  stubs.o ABSOLUTE
    _printf_truncate_signed                  0x00000000   Number         0  stubs.o ABSOLUTE
    _printf_truncate_unsigned                0x00000000   Number         0  stubs.o ABSOLUTE
    _printf_u                                0x00000000   Number         0  stubs.o ABSOLUTE
    _printf_wc                               0x00000000   Number         0  stubs.o ABSOLUTE
    _printf_wctomb                           0x00000000   Number         0  stubs.o ABSOLUTE
    _printf_widthprec                        0x00000000   Number         0  stubs.o ABSOLUTE
    _printf_x                                0x00000000   Number         0  stubs.o ABSOLUTE
    __cpp_initialize__aeabi_                  - Undefined Weak Reference
    __cxa_finalize                            - Undefined Weak Reference
    _clock_init                               - Undefined Weak Reference
    _microlib_exit                            - Undefined Weak Reference
    __Vectors_Size                           0x000001f8   Number         0  startup_stm32f767xx.o ABSOLUTE
    __Vectors                                0x08000000   Data           4  startup_stm32f767xx.o(RESET)
    __Vectors_End                            0x080001f8   Data           0  startup_stm32f767xx.o(RESET)
    __main                                   0x080001f9   Thumb Code     0  entry.o(.ARM.Collect$$$$00000000)
    _main_stk                                0x080001f9   Thumb Code     0  entry2.o(.ARM.Collect$$$$00000001)
    _main_scatterload                        0x080001fd   Thumb Code     0  entry5.o(.ARM.Collect$$$$00000004)
    __main_after_scatterload                 0x08000201   Thumb Code     0  entry5.o(.ARM.Collect$$$$00000004)
    _main_clock                              0x08000201   Thumb Code     0  entry7b.o(.ARM.Collect$$$$00000008)
    _main_cpp_init                           0x08000201   Thumb Code     0  entry8b.o(.ARM.Collect$$$$0000000A)
    _main_init                               0x08000201   Thumb Code     0  entry9a.o(.ARM.Collect$$$$0000000B)
    __rt_final_cpp                           0x08000209   Thumb Code     0  entry10a.o(.ARM.Collect$$$$0000000D)
    __rt_final_exit                          0x08000209   Thumb Code     0  entry11a.o(.ARM.Collect$$$$0000000F)
    Reset_Handler                            0x0800020d   Thumb Code     8  startup_stm32f767xx.o(.text)
    ADC_IRQHandler                           0x08000227   Thumb Code     0  startup_stm32f767xx.o(.text)
    CAN1_RX0_IRQHandler                      0x08000227   Thumb Code     0  startup_stm32f767xx.o(.text)
    CAN1_RX1_IRQHandler                      0x08000227   Thumb Code     0  startup_stm32f767xx.o(.text)
    CAN1_SCE_IRQHandler                      0x08000227   Thumb Code     0  startup_stm32f767xx.o(.text)
    CAN1_TX_IRQHandler                       0x08000227   Thumb Code     0  startup_stm32f767xx.o(.text)
    CAN2_RX0_IRQHandler                      0x08000227   Thumb Code     0  startup_stm32f767xx.o(.text)
    CAN2_RX1_IRQHandler                      0x08000227   Thumb Code     0  startup_stm32f767xx.o(.text)
    CAN2_SCE_IRQHandler                      0x08000227   Thumb Code     0  startup_stm32f767xx.o(.text)
    CAN2_TX_IRQHandler                       0x08000227   Thumb Code     0  startup_stm32f767xx.o(.text)
    CAN3_RX0_IRQHandler                      0x08000227   Thumb Code     0  startup_stm32f767xx.o(.text)
    CAN3_RX1_IRQHandler                      0x08000227   Thumb Code     0  startup_stm32f767xx.o(.text)
    CAN3_SCE_IRQHandler                      0x08000227   Thumb Code     0  startup_stm32f767xx.o(.text)
    CAN3_TX_IRQHandler                       0x08000227   Thumb Code     0  startup_stm32f767xx.o(.text)
    CEC_IRQHandler                           0x08000227   Thumb Code     0  startup_stm32f767xx.o(.text)
    DCMI_IRQHandler                          0x08000227   Thumb Code     0  startup_stm32f767xx.o(.text)
    DFSDM1_FLT0_IRQHandler                   0x08000227   Thumb Code     0  startup_stm32f767xx.o(.text)
    DFSDM1_FLT1_IRQHandler                   0x08000227   Thumb Code     0  startup_stm32f767xx.o(.text)
    DFSDM1_FLT2_IRQHandler                   0x08000227   Thumb Code     0  startup_stm32f767xx.o(.text)
    DFSDM1_FLT3_IRQHandler                   0x08000227   Thumb Code     0  startup_stm32f767xx.o(.text)
    DMA1_Stream0_IRQHandler                  0x08000227   Thumb Code     0  startup_stm32f767xx.o(.text)
    DMA1_Stream1_IRQHandler                  0x08000227   Thumb Code     0  startup_stm32f767xx.o(.text)
    DMA1_Stream2_IRQHandler                  0x08000227   Thumb Code     0  startup_stm32f767xx.o(.text)
    DMA1_Stream3_IRQHandler                  0x08000227   Thumb Code     0  startup_stm32f767xx.o(.text)
    DMA1_Stream4_IRQHandler                  0x08000227   Thumb Code     0  startup_stm32f767xx.o(.text)
    DMA1_Stream5_IRQHandler                  0x08000227   Thumb Code     0  startup_stm32f767xx.o(.text)
    DMA1_Stream6_IRQHandler                  0x08000227   Thumb Code     0  startup_stm32f767xx.o(.text)
    DMA1_Stream7_IRQHandler                  0x08000227   Thumb Code     0  startup_stm32f767xx.o(.text)
    DMA2D_IRQHandler                         0x08000227   Thumb Code     0  startup_stm32f767xx.o(.text)
    DMA2_Stream0_IRQHandler                  0x08000227   Thumb Code     0  startup_stm32f767xx.o(.text)
    DMA2_Stream1_IRQHandler                  0x08000227   Thumb Code     0  startup_stm32f767xx.o(.text)
    DMA2_Stream2_IRQHandler                  0x08000227   Thumb Code     0  startup_stm32f767xx.o(.text)
    DMA2_Stream3_IRQHandler                  0x08000227   Thumb Code     0  startup_stm32f767xx.o(.text)
    DMA2_Stream4_IRQHandler                  0x08000227   Thumb Code     0  startup_stm32f767xx.o(.text)
    DMA2_Stream5_IRQHandler                  0x08000227   Thumb Code     0  startup_stm32f767xx.o(.text)
    DMA2_Stream6_IRQHandler                  0x08000227   Thumb Code     0  startup_stm32f767xx.o(.text)
    DMA2_Stream7_IRQHandler                  0x08000227   Thumb Code     0  startup_stm32f767xx.o(.text)
    ETH_IRQHandler                           0x08000227   Thumb Code     0  startup_stm32f767xx.o(.text)
    ETH_WKUP_IRQHandler                      0x08000227   Thumb Code     0  startup_stm32f767xx.o(.text)
    EXTI0_IRQHandler                         0x08000227   Thumb Code     0  startup_stm32f767xx.o(.text)
    EXTI15_10_IRQHandler                     0x08000227   Thumb Code     0  startup_stm32f767xx.o(.text)
    EXTI1_IRQHandler                         0x08000227   Thumb Code     0  startup_stm32f767xx.o(.text)
    EXTI2_IRQHandler                         0x08000227   Thumb Code     0  startup_stm32f767xx.o(.text)
    EXTI4_IRQHandler                         0x08000227   Thumb Code     0  startup_stm32f767xx.o(.text)
    FLASH_IRQHandler                         0x08000227   Thumb Code     0  startup_stm32f767xx.o(.text)
    FMC_IRQHandler                           0x08000227   Thumb Code     0  startup_stm32f767xx.o(.text)
    FPU_IRQHandler                           0x08000227   Thumb Code     0  startup_stm32f767xx.o(.text)
    I2C1_ER_IRQHandler                       0x08000227   Thumb Code     0  startup_stm32f767xx.o(.text)
    I2C1_EV_IRQHandler                       0x08000227   Thumb Code     0  startup_stm32f767xx.o(.text)
    I2C2_ER_IRQHandler                       0x08000227   Thumb Code     0  startup_stm32f767xx.o(.text)
    I2C2_EV_IRQHandler                       0x08000227   Thumb Code     0  startup_stm32f767xx.o(.text)
    I2C3_ER_IRQHandler                       0x08000227   Thumb Code     0  startup_stm32f767xx.o(.text)
    I2C3_EV_IRQHandler                       0x08000227   Thumb Code     0  startup_stm32f767xx.o(.text)
    I2C4_ER_IRQHandler                       0x08000227   Thumb Code     0  startup_stm32f767xx.o(.text)
    I2C4_EV_IRQHandler                       0x08000227   Thumb Code     0  startup_stm32f767xx.o(.text)
    JPEG_IRQHandler                          0x08000227   Thumb Code     0  startup_stm32f767xx.o(.text)
    LPTIM1_IRQHandler                        0x08000227   Thumb Code     0  startup_stm32f767xx.o(.text)
    LTDC_ER_IRQHandler                       0x08000227   Thumb Code     0  startup_stm32f767xx.o(.text)
    LTDC_IRQHandler                          0x08000227   Thumb Code     0  startup_stm32f767xx.o(.text)
    MDIOS_IRQHandler                         0x08000227   Thumb Code     0  startup_stm32f767xx.o(.text)
    OTG_FS_IRQHandler                        0x08000227   Thumb Code     0  startup_stm32f767xx.o(.text)
    OTG_FS_WKUP_IRQHandler                   0x08000227   Thumb Code     0  startup_stm32f767xx.o(.text)
    OTG_HS_EP1_IN_IRQHandler                 0x08000227   Thumb Code     0  startup_stm32f767xx.o(.text)
    OTG_HS_EP1_OUT_IRQHandler                0x08000227   Thumb Code     0  startup_stm32f767xx.o(.text)
    OTG_HS_IRQHandler                        0x08000227   Thumb Code     0  startup_stm32f767xx.o(.text)
    OTG_HS_WKUP_IRQHandler                   0x08000227   Thumb Code     0  startup_stm32f767xx.o(.text)
    PVD_IRQHandler                           0x08000227   Thumb Code     0  startup_stm32f767xx.o(.text)
    QUADSPI_IRQHandler                       0x08000227   Thumb Code     0  startup_stm32f767xx.o(.text)
    RCC_IRQHandler                           0x08000227   Thumb Code     0  startup_stm32f767xx.o(.text)
    RNG_IRQHandler                           0x08000227   Thumb Code     0  startup_stm32f767xx.o(.text)
    RTC_WKUP_IRQHandler                      0x08000227   Thumb Code     0  startup_stm32f767xx.o(.text)
    SAI1_IRQHandler                          0x08000227   Thumb Code     0  startup_stm32f767xx.o(.text)
    SAI2_IRQHandler                          0x08000227   Thumb Code     0  startup_stm32f767xx.o(.text)
    SDMMC1_IRQHandler                        0x08000227   Thumb Code     0  startup_stm32f767xx.o(.text)
    SDMMC2_IRQHandler                        0x08000227   Thumb Code     0  startup_stm32f767xx.o(.text)
    SPDIF_RX_IRQHandler                      0x08000227   Thumb Code     0  startup_stm32f767xx.o(.text)
    SPI1_IRQHandler                          0x08000227   Thumb Code     0  startup_stm32f767xx.o(.text)
    SPI2_IRQHandler                          0x08000227   Thumb Code     0  startup_stm32f767xx.o(.text)
    SPI3_IRQHandler                          0x08000227   Thumb Code     0  startup_stm32f767xx.o(.text)
    SPI4_IRQHandler                          0x08000227   Thumb Code     0  startup_stm32f767xx.o(.text)
    SPI5_IRQHandler                          0x08000227   Thumb Code     0  startup_stm32f767xx.o(.text)
    SPI6_IRQHandler                          0x08000227   Thumb Code     0  startup_stm32f767xx.o(.text)
    TAMP_STAMP_IRQHandler                    0x08000227   Thumb Code     0  startup_stm32f767xx.o(.text)
    TIM1_BRK_TIM9_IRQHandler                 0x08000227   Thumb Code     0  startup_stm32f767xx.o(.text)
    TIM1_CC_IRQHandler                       0x08000227   Thumb Code     0  startup_stm32f767xx.o(.text)
    TIM1_TRG_COM_TIM11_IRQHandler            0x08000227   Thumb Code     0  startup_stm32f767xx.o(.text)
    TIM1_UP_TIM10_IRQHandler                 0x08000227   Thumb Code     0  startup_stm32f767xx.o(.text)
    TIM2_IRQHandler                          0x08000227   Thumb Code     0  startup_stm32f767xx.o(.text)
    TIM3_IRQHandler                          0x08000227   Thumb Code     0  startup_stm32f767xx.o(.text)
    TIM4_IRQHandler                          0x08000227   Thumb Code     0  startup_stm32f767xx.o(.text)
    TIM5_IRQHandler                          0x08000227   Thumb Code     0  startup_stm32f767xx.o(.text)
    TIM6_DAC_IRQHandler                      0x08000227   Thumb Code     0  startup_stm32f767xx.o(.text)
    TIM7_IRQHandler                          0x08000227   Thumb Code     0  startup_stm32f767xx.o(.text)
    TIM8_BRK_TIM12_IRQHandler                0x08000227   Thumb Code     0  startup_stm32f767xx.o(.text)
    TIM8_CC_IRQHandler                       0x08000227   Thumb Code     0  startup_stm32f767xx.o(.text)
    TIM8_TRG_COM_TIM14_IRQHandler            0x08000227   Thumb Code     0  startup_stm32f767xx.o(.text)
    TIM8_UP_TIM13_IRQHandler                 0x08000227   Thumb Code     0  startup_stm32f767xx.o(.text)
    UART4_IRQHandler                         0x08000227   Thumb Code     0  startup_stm32f767xx.o(.text)
    UART5_IRQHandler                         0x08000227   Thumb Code     0  startup_stm32f767xx.o(.text)
    UART7_IRQHandler                         0x08000227   Thumb Code     0  startup_stm32f767xx.o(.text)
    UART8_IRQHandler                         0x08000227   Thumb Code     0  startup_stm32f767xx.o(.text)
    USART1_IRQHandler                        0x08000227   Thumb Code     0  startup_stm32f767xx.o(.text)
    USART2_IRQHandler                        0x08000227   Thumb Code     0  startup_stm32f767xx.o(.text)
    USART3_IRQHandler                        0x08000227   Thumb Code     0  startup_stm32f767xx.o(.text)
    USART6_IRQHandler                        0x08000227   Thumb Code     0  startup_stm32f767xx.o(.text)
    WWDG_IRQHandler                          0x08000227   Thumb Code     0  startup_stm32f767xx.o(.text)
    __aeabi_uldivmod                         0x08000231   Thumb Code    98  uldiv.o(.text)
    __aeabi_memcpy                           0x08000293   Thumb Code    36  memcpya.o(.text)
    __aeabi_memcpy4                          0x08000293   Thumb Code     0  memcpya.o(.text)
    __aeabi_memcpy8                          0x08000293   Thumb Code     0  memcpya.o(.text)
    __aeabi_memset                           0x080002b7   Thumb Code    14  memseta.o(.text)
    __aeabi_memset4                          0x080002b7   Thumb Code     0  memseta.o(.text)
    __aeabi_memset8                          0x080002b7   Thumb Code     0  memseta.o(.text)
    __aeabi_memclr                           0x080002c5   Thumb Code     4  memseta.o(.text)
    __aeabi_memclr4                          0x080002c5   Thumb Code     0  memseta.o(.text)
    __aeabi_memclr8                          0x080002c5   Thumb Code     0  memseta.o(.text)
    _memset$wrapper                          0x080002c9   Thumb Code    18  memseta.o(.text)
    strlen                                   0x080002db   Thumb Code    14  strlen.o(.text)
    __aeabi_uidiv                            0x080002e9   Thumb Code     0  uidiv.o(.text)
    __aeabi_uidivmod                         0x080002e9   Thumb Code    44  uidiv.o(.text)
    __aeabi_llsl                             0x08000315   Thumb Code    30  llshl.o(.text)
    _ll_shift_l                              0x08000315   Thumb Code     0  llshl.o(.text)
    __aeabi_llsr                             0x08000333   Thumb Code    32  llushr.o(.text)
    _ll_ushift_r                             0x08000333   Thumb Code     0  llushr.o(.text)
    __I$use$fp                               0x08000353   Thumb Code     0  iusefp.o(.text)
    __aeabi_dadd                             0x08000353   Thumb Code   322  dadd.o(.text)
    __aeabi_dsub                             0x08000495   Thumb Code     6  dadd.o(.text)
    __aeabi_drsub                            0x0800049b   Thumb Code     6  dadd.o(.text)
    __aeabi_dmul                             0x080004a1   Thumb Code   228  dmul.o(.text)
    __aeabi_ddiv                             0x08000585   Thumb Code   222  ddiv.o(.text)
    __aeabi_d2ulz                            0x08000663   Thumb Code    48  dfixul.o(.text)
    __aeabi_cdrcmple                         0x08000695   Thumb Code    48  cdrcmple.o(.text)
    __scatterload                            0x080006c5   Thumb Code    28  init.o(.text)
    __scatterload_rt2                        0x080006c5   Thumb Code     0  init.o(.text)
    __aeabi_lasr                             0x080006e9   Thumb Code    36  llsshr.o(.text)
    _ll_sshift_r                             0x080006e9   Thumb Code     0  llsshr.o(.text)
    _double_round                            0x0800070d   Thumb Code    30  depilogue.o(.text)
    _double_epilogue                         0x0800072b   Thumb Code   156  depilogue.o(.text)
    __decompress                             0x080007c7   Thumb Code     0  __dczerorl2.o(.text)
    __decompress1                            0x080007c7   Thumb Code    86  __dczerorl2.o(.text)
    BusFault_Handler                         0x08000955   Thumb Code     2  stm32f7xx_it.o(i.BusFault_Handler)
    CRC16_2                                  0x08000959   Thumb Code    50  main.o(i.CRC16_2)
    DWT_Delay_Init                           0x0800098d   Thumb Code    58  dwt_stm32_delay.o(i.DWT_Delay_Init)
    DebugMon_Handler                         0x080009fd   Thumb Code     2  stm32f7xx_it.o(i.DebugMon_Handler)
    EXTI3_IRQHandler                         0x08000b25   Thumb Code     6  stm32f7xx_it.o(i.EXTI3_IRQHandler)
    EXTI9_5_IRQHandler                       0x08000b2b   Thumb Code     8  stm32f7xx_it.o(i.EXTI9_5_IRQHandler)
    Error_Handler                            0x08000b33   Thumb Code     2  main.o(i.Error_Handler)
    HAL_ADC_ConfigChannel                    0x08000b35   Thumb Code   338  stm32f7xx_hal_adc.o(i.HAL_ADC_ConfigChannel)
    HAL_ADC_GetValue                         0x08000c99   Thumb Code     6  stm32f7xx_hal_adc.o(i.HAL_ADC_GetValue)
    HAL_ADC_Init                             0x08000c9f   Thumb Code    84  stm32f7xx_hal_adc.o(i.HAL_ADC_Init)
    HAL_ADC_MspInit                          0x08000cf5   Thumb Code    82  adc.o(i.HAL_ADC_MspInit)
    HAL_ADC_PollForConversion                0x08000d55   Thumb Code   160  stm32f7xx_hal_adc.o(i.HAL_ADC_PollForConversion)
    HAL_ADC_Start                            0x08000df5   Thumb Code   208  stm32f7xx_hal_adc.o(i.HAL_ADC_Start)
    HAL_Delay                                0x08000ed5   Thumb Code    32  stm32f7xx_hal.o(i.HAL_Delay)
    HAL_ETH_Init                             0x08000ef9   Thumb Code   454  stm32f7xx_hal_eth.o(i.HAL_ETH_Init)
    HAL_ETH_MspInit                          0x080010e9   Thumb Code   206  eth.o(i.HAL_ETH_MspInit)
    HAL_ETH_ReadPHYRegister                  0x080011d1   Thumb Code   134  stm32f7xx_hal_eth.o(i.HAL_ETH_ReadPHYRegister)
    HAL_ETH_WritePHYRegister                 0x08001259   Thumb Code   122  stm32f7xx_hal_eth.o(i.HAL_ETH_WritePHYRegister)
    HAL_GPIO_EXTI_Callback                   0x080012d5   Thumb Code    96  main.o(i.HAL_GPIO_EXTI_Callback)
    HAL_GPIO_EXTI_IRQHandler                 0x08001339   Thumb Code    18  stm32f7xx_hal_gpio.o(i.HAL_GPIO_EXTI_IRQHandler)
    HAL_GPIO_Init                            0x08001351   Thumb Code   418  stm32f7xx_hal_gpio.o(i.HAL_GPIO_Init)
    HAL_GPIO_ReadPin                         0x08001529   Thumb Code    10  stm32f7xx_hal_gpio.o(i.HAL_GPIO_ReadPin)
    HAL_GPIO_TogglePin                       0x08001533   Thumb Code    14  stm32f7xx_hal_gpio.o(i.HAL_GPIO_TogglePin)
    HAL_GPIO_WritePin                        0x08001541   Thumb Code    10  stm32f7xx_hal_gpio.o(i.HAL_GPIO_WritePin)
    HAL_GetTick                              0x0800154d   Thumb Code     6  stm32f7xx_hal.o(i.HAL_GetTick)
    HAL_I2CEx_ConfigAnalogFilter             0x08001559   Thumb Code    88  stm32f7xx_hal_i2c_ex.o(i.HAL_I2CEx_ConfigAnalogFilter)
    HAL_I2CEx_ConfigDigitalFilter            0x080015b1   Thumb Code    84  stm32f7xx_hal_i2c_ex.o(i.HAL_I2CEx_ConfigDigitalFilter)
    HAL_I2C_Init                             0x08001605   Thumb Code   180  stm32f7xx_hal_i2c.o(i.HAL_I2C_Init)
    HAL_I2C_Master_Receive                   0x080016bd   Thumb Code   282  stm32f7xx_hal_i2c.o(i.HAL_I2C_Master_Receive)
    HAL_I2C_Master_Transmit                  0x080017e1   Thumb Code   282  stm32f7xx_hal_i2c.o(i.HAL_I2C_Master_Transmit)
    HAL_I2C_MspInit                          0x08001905   Thumb Code    88  i2c.o(i.HAL_I2C_MspInit)
    HAL_IncTick                              0x08001969   Thumb Code    12  stm32f7xx_hal.o(i.HAL_IncTick)
    HAL_Init                                 0x08001979   Thumb Code    22  stm32f7xx_hal.o(i.HAL_Init)
    HAL_InitTick                             0x08001991   Thumb Code    54  stm32f7xx_hal.o(i.HAL_InitTick)
    HAL_MspInit                              0x080019d1   Thumb Code    42  stm32f7xx_hal_msp.o(i.HAL_MspInit)
    HAL_NVIC_EnableIRQ                       0x08001a01   Thumb Code    26  stm32f7xx_hal_cortex.o(i.HAL_NVIC_EnableIRQ)
    HAL_NVIC_SetPriority                     0x08001a1d   Thumb Code    60  stm32f7xx_hal_cortex.o(i.HAL_NVIC_SetPriority)
    HAL_NVIC_SetPriorityGrouping             0x08001a5d   Thumb Code    28  stm32f7xx_hal_cortex.o(i.HAL_NVIC_SetPriorityGrouping)
    HAL_PCDEx_ActivateLPM                    0x08001a81   Thumb Code    34  stm32f7xx_hal_pcd_ex.o(i.HAL_PCDEx_ActivateLPM)
    HAL_PCD_Init                             0x08001aa9   Thumb Code   234  stm32f7xx_hal_pcd.o(i.HAL_PCD_Init)
    HAL_PCD_MspInit                          0x08001b95   Thumb Code   130  usb_otg.o(i.HAL_PCD_MspInit)
    HAL_PWREx_EnableOverDrive                0x08001c21   Thumb Code   100  stm32f7xx_hal_pwr_ex.o(i.HAL_PWREx_EnableOverDrive)
    HAL_PWR_EnableBkUpAccess                 0x08001c8d   Thumb Code    12  stm32f7xx_hal_pwr.o(i.HAL_PWR_EnableBkUpAccess)
    HAL_RCCEx_PeriphCLKConfig                0x08001c9d   Thumb Code  1336  stm32f7xx_hal_rcc_ex.o(i.HAL_RCCEx_PeriphCLKConfig)
    HAL_RCC_ClockConfig                      0x080021d9   Thumb Code   282  stm32f7xx_hal_rcc.o(i.HAL_RCC_ClockConfig)
    HAL_RCC_GetHCLKFreq                      0x08002305   Thumb Code     6  stm32f7xx_hal_rcc.o(i.HAL_RCC_GetHCLKFreq)
    HAL_RCC_GetPCLK1Freq                     0x08002311   Thumb Code    20  stm32f7xx_hal_rcc.o(i.HAL_RCC_GetPCLK1Freq)
    HAL_RCC_GetPCLK2Freq                     0x08002331   Thumb Code    20  stm32f7xx_hal_rcc.o(i.HAL_RCC_GetPCLK2Freq)
    HAL_RCC_GetSysClockFreq                  0x08002351   Thumb Code    88  stm32f7xx_hal_rcc.o(i.HAL_RCC_GetSysClockFreq)
    HAL_RCC_OscConfig                        0x080023b1   Thumb Code   814  stm32f7xx_hal_rcc.o(i.HAL_RCC_OscConfig)
    HAL_RTCEx_AlarmBEventCallback            0x080026ed   Thumb Code     2  stm32f7xx_hal_rtc_ex.o(i.HAL_RTCEx_AlarmBEventCallback)
    HAL_RTCEx_BKUPRead                       0x080026ef   Thumb Code    10  stm32f7xx_hal_rtc_ex.o(i.HAL_RTCEx_BKUPRead)
    HAL_RTCEx_BKUPWrite                      0x080026f9   Thumb Code    10  stm32f7xx_hal_rtc_ex.o(i.HAL_RTCEx_BKUPWrite)
    HAL_RTC_AlarmAEventCallback              0x08002705   Thumb Code     8  main.o(i.HAL_RTC_AlarmAEventCallback)
    HAL_RTC_AlarmIRQHandler                  0x08002711   Thumb Code    86  stm32f7xx_hal_rtc.o(i.HAL_RTC_AlarmIRQHandler)
    HAL_RTC_GetAlarm                         0x0800276d   Thumb Code   128  stm32f7xx_hal_rtc.o(i.HAL_RTC_GetAlarm)
    HAL_RTC_GetDate                          0x080027ed   Thumb Code    68  stm32f7xx_hal_rtc.o(i.HAL_RTC_GetDate)
    HAL_RTC_GetTime                          0x08002835   Thumb Code    86  stm32f7xx_hal_rtc.o(i.HAL_RTC_GetTime)
    HAL_RTC_Init                             0x08002891   Thumb Code   156  stm32f7xx_hal_rtc.o(i.HAL_RTC_Init)
    HAL_RTC_MspInit                          0x08002931   Thumb Code    42  rtc.o(i.HAL_RTC_MspInit)
    HAL_RTC_SetAlarm_IT                      0x08002965   Thumb Code   388  stm32f7xx_hal_rtc.o(i.HAL_RTC_SetAlarm_IT)
    HAL_RTC_SetDate                          0x08002af1   Thumb Code   198  stm32f7xx_hal_rtc.o(i.HAL_RTC_SetDate)
    HAL_RTC_SetTime                          0x08002bbd   Thumb Code   232  stm32f7xx_hal_rtc.o(i.HAL_RTC_SetTime)
    HAL_RTC_WaitForSynchro                   0x08002ca9   Thumb Code    54  stm32f7xx_hal_rtc.o(i.HAL_RTC_WaitForSynchro)
    HAL_SYSTICK_Config                       0x08002cdf   Thumb Code    38  stm32f7xx_hal_cortex.o(i.HAL_SYSTICK_Config)
    HAL_UART_Init                            0x08002d05   Thumb Code   102  stm32f7xx_hal_uart.o(i.HAL_UART_Init)
    HAL_UART_MspInit                         0x08002d6d   Thumb Code    88  usart.o(i.HAL_UART_MspInit)
    HAL_UART_Transmit                        0x08002dd1   Thumb Code   182  stm32f7xx_hal_uart.o(i.HAL_UART_Transmit)
    HardFault_Handler                        0x08002e87   Thumb Code     2  stm32f7xx_it.o(i.HardFault_Handler)
    MX_ADC1_Init                             0x080030e5   Thumb Code    84  adc.o(i.MX_ADC1_Init)
    MX_ETH_Init                              0x08003145   Thumb Code    70  eth.o(i.MX_ETH_Init)
    MX_GPIO_Init                             0x08003195   Thumb Code   356  gpio.o(i.MX_GPIO_Init)
    MX_I2C1_Init                             0x08003315   Thumb Code    76  i2c.o(i.MX_I2C1_Init)
    MX_RTC_Init                              0x0800336d   Thumb Code   178  rtc.o(i.MX_RTC_Init)
    MX_USART3_UART_Init                      0x08003429   Thumb Code    52  usart.o(i.MX_USART3_UART_Init)
    MX_USB_OTG_FS_PCD_Init                   0x08003465   Thumb Code    54  usb_otg.o(i.MX_USB_OTG_FS_PCD_Init)
    MemManage_Handler                        0x080034a1   Thumb Code     2  stm32f7xx_it.o(i.MemManage_Handler)
    NMI_Handler                              0x080034a3   Thumb Code     2  stm32f7xx_it.o(i.NMI_Handler)
    PendSV_Handler                           0x080034a5   Thumb Code     2  stm32f7xx_it.o(i.PendSV_Handler)
    RTC_Alarm_IRQHandler                     0x080034a9   Thumb Code     6  stm32f7xx_it.o(i.RTC_Alarm_IRQHandler)
    RTC_Bcd2ToByte                           0x080034b5   Thumb Code    18  stm32f7xx_hal_rtc.o(i.RTC_Bcd2ToByte)
    RTC_ByteToBcd2                           0x080034c7   Thumb Code    22  stm32f7xx_hal_rtc.o(i.RTC_ByteToBcd2)
    RTC_EnterInitMode                        0x080034dd   Thumb Code    58  stm32f7xx_hal_rtc.o(i.RTC_EnterInitMode)
    SVC_Handler                              0x08003517   Thumb Code     2  stm32f7xx_it.o(i.SVC_Handler)
    SysTick_Handler                          0x08003519   Thumb Code    16  stm32f7xx_it.o(i.SysTick_Handler)
    SystemClock_Config                       0x0800352d   Thumb Code   176  main.o(i.SystemClock_Config)
    SystemInit                               0x080035e9   Thumb Code    68  system_stm32f7xx.o(i.SystemInit)
    UART_AdvFeatureConfig                    0x0800363d   Thumb Code   200  stm32f7xx_hal_uart.o(i.UART_AdvFeatureConfig)
    UART_CheckIdleState                      0x08003705   Thumb Code    60  stm32f7xx_hal_uart.o(i.UART_CheckIdleState)
    UART_SetConfig                           0x08003741   Thumb Code   546  stm32f7xx_hal_uart.o(i.UART_SetConfig)
    UART_WaitOnFlagUntilTimeout              0x08003995   Thumb Code    96  stm32f7xx_hal_uart.o(i.UART_WaitOnFlagUntilTimeout)
    USB_CoreInit                             0x080039f5   Thumb Code   104  stm32f7xx_ll_usb.o(i.USB_CoreInit)
    USB_DevDisconnect                        0x08003a99   Thumb Code    24  stm32f7xx_ll_usb.o(i.USB_DevDisconnect)
    USB_DevInit                              0x08003ab1   Thumb Code   386  stm32f7xx_ll_usb.o(i.USB_DevInit)
    USB_DisableGlobalInt                     0x08003c45   Thumb Code    12  stm32f7xx_ll_usb.o(i.USB_DisableGlobalInt)
    USB_FlushRxFifo                          0x08003c51   Thumb Code    28  stm32f7xx_ll_usb.o(i.USB_FlushRxFifo)
    USB_FlushTxFifo                          0x08003c71   Thumb Code    32  stm32f7xx_ll_usb.o(i.USB_FlushTxFifo)
    USB_SetCurrentMode                       0x08003c95   Thumb Code    46  stm32f7xx_ll_usb.o(i.USB_SetCurrentMode)
    UsageFault_Handler                       0x08003cc3   Thumb Code     2  stm32f7xx_it.o(i.UsageFault_Handler)
    __0sprintf                               0x08003cc5   Thumb Code    34  printfa.o(i.__0sprintf)
    __1sprintf                               0x08003cc5   Thumb Code     0  printfa.o(i.__0sprintf)
    __2sprintf                               0x08003cc5   Thumb Code     0  printfa.o(i.__0sprintf)
    __c89sprintf                             0x08003cc5   Thumb Code     0  printfa.o(i.__0sprintf)
    sprintf                                  0x08003cc5   Thumb Code     0  printfa.o(i.__0sprintf)
    __scatterload_copy                       0x08003d0f   Thumb Code    14  handlers.o(i.__scatterload_copy)
    __scatterload_null                       0x08003d1d   Thumb Code     2  handlers.o(i.__scatterload_null)
    __scatterload_zeroinit                   0x08003d1f   Thumb Code    14  handlers.o(i.__scatterload_zeroinit)
    checkstate_timer                         0x080045e9   Thumb Code   250  main.o(i.checkstate_timer)
    get_alarm                                0x08004725   Thumb Code    78  main.o(i.get_alarm)
    get_time                                 0x080047a5   Thumb Code    72  main.o(i.get_time)
    get_timer                                0x08004811   Thumb Code    14  main.o(i.get_timer)
    main                                     0x08004835   Thumb Code  1370  main.o(i.main)
    max_clear                                0x08004da1   Thumb Code    40  max_matrix_stm32.o(i.max_clear)
    max_init                                 0x08004dcd   Thumb Code    52  max_matrix_stm32.o(i.max_init)
    scroll_string                            0x08004e01   Thumb Code    28  max_matrix_stm32.o(i.scroll_string)
    set_alarm                                0x08004e1d   Thumb Code   220  main.o(i.set_alarm)
    set_time                                 0x08004f09   Thumb Code   714  main.o(i.set_time)
    setled                                   0x080051f5   Thumb Code   122  max_matrix_stm32.o(i.setled)
    setrow                                   0x08005279   Thumb Code    84  max_matrix_stm32.o(i.setrow)
    shift_char                               0x080052d1   Thumb Code    92  max_matrix_stm32.o(i.shift_char)
    shiftleft                                0x08005331   Thumb Code    42  max_matrix_stm32.o(i.shiftleft)
    shiftright                               0x08005361   Thumb Code    38  max_matrix_stm32.o(i.shiftright)
    timer_down                               0x0800538d   Thumb Code   120  main.o(i.timer_down)
    timer_up                                 0x0800540d   Thumb Code    80  main.o(i.timer_up)
    to_do_alarm                              0x08005465   Thumb Code   106  main.o(i.to_do_alarm)
    write_byte                               0x080054ed   Thumb Code    64  max_matrix_stm32.o(i.write_byte)
    write_char                               0x08005531   Thumb Code    50  max_matrix_stm32.o(i.write_char)
    write_max_cmd                            0x08005569   Thumb Code    68  max_matrix_stm32.o(i.write_max_cmd)
    AHBPrescTable                            0x080055f0   Data          16  system_stm32f7xx.o(.constdata)
    APBPrescTable                            0x08005600   Data           8  system_stm32f7xx.o(.constdata)
    Region$$Table$$Base                      0x08005608   Number         0  anon$$obj.o(Region$$Table)
    Region$$Table$$Limit                     0x08005628   Number         0  anon$$obj.o(Region$$Table)
    CH                                       0x20000000   Data        1016  max_matrix_stm32.o(.data)
    alarm                                    0x200003f8   Data           1  main.o(.data)
    timer_count                              0x200003f9   Data           1  main.o(.data)
    timer_minute                             0x200003fa   Data           1  main.o(.data)
    timer_second                             0x200003fb   Data           1  main.o(.data)
    setHours                                 0x200003fc   Data           2  main.o(.data)
    setMinutes                               0x200003fe   Data           2  main.o(.data)
    setDate                                  0x20000400   Data           2  main.o(.data)
    setMonth                                 0x20000402   Data           2  main.o(.data)
    setYear                                  0x20000404   Data           2  main.o(.data)
    set_alarm_Hours                          0x20000406   Data           2  main.o(.data)
    set_alarm_minute                         0x20000408   Data           2  main.o(.data)
    state                                    0x2000040c   Data           4  main.o(.data)
    set                                      0x20000410   Data           4  main.o(.data)
    mode                                     0x20000414   Data           4  main.o(.data)
    backup_timer_minute                      0x20000418   Data           4  main.o(.data)
    backup_timer_second                      0x2000041c   Data           4  main.o(.data)
    h                                        0x20000420   Data           4  main.o(.data)
    t                                        0x20000424   Data           4  main.o(.data)
    uwTickFreq                               0x20000428   Data           1  stm32f7xx_hal.o(.data)
    uwTickPrio                               0x2000042c   Data           4  stm32f7xx_hal.o(.data)
    uwTick                                   0x20000430   Data           4  stm32f7xx_hal.o(.data)
    SystemCoreClock                          0x20000434   Data           4  system_stm32f7xx.o(.data)
    buffer                                   0x20000438   Data          80  max_matrix_stm32.o(.bss)
    buffer_row                               0x20000488   Data          80  max_matrix_stm32.o(.bss)
    timebuff                                 0x200004d8   Data          50  main.o(.bss)
    datebuff                                 0x2000050a   Data          50  main.o(.bss)
    timerbuff                                0x2000053c   Data          50  main.o(.bss)
    alarmbuff                                0x2000056e   Data          50  main.o(.bss)
    backtime                                 0x200005a0   Data          50  main.o(.bss)
    hoursbuff                                0x200005d2   Data          50  main.o(.bss)
    minutebuff                               0x20000604   Data          50  main.o(.bss)
    daybuff                                  0x20000636   Data          50  main.o(.bss)
    monthbuff                                0x20000668   Data          50  main.o(.bss)
    yearbuff                                 0x2000069a   Data          50  main.o(.bss)
    hadc1                                    0x200006cc   Data          72  adc.o(.bss)
    heth                                     0x20000714   Data          72  eth.o(.bss)
    hi2c1                                    0x2000075c   Data          76  i2c.o(.bss)
    hrtc                                     0x200007a8   Data          32  rtc.o(.bss)
    huart3                                   0x200007c8   Data         128  usart.o(.bss)
    hpcd_USB_OTG_FS                          0x20000848   Data        1028  usb_otg.o(.bss)
    __initial_sp                             0x20001050   Data           0  startup_stm32f767xx.o(STACK)



==============================================================================

Memory Map of the image

  Image Entry point : 0x080001f9

  Load Region LR_IROM1 (Base: 0x08000000, Size: 0x00005a60, Max: 0x00200000, ABSOLUTE, COMPRESSED[0x00005914])

    Execution Region ER_IROM1 (Exec base: 0x08000000, Load base: 0x08000000, Size: 0x00005628, Max: 0x00200000, ABSOLUTE)

    Exec Addr    Load Addr    Size         Type   Attr      Idx    E Section Name        Object

    0x08000000   0x08000000   0x000001f8   Data   RO            3    RESET               startup_stm32f767xx.o
    0x080001f8   0x080001f8   0x00000000   Code   RO         4342  * .ARM.Collect$$$$00000000  mc_w.l(entry.o)
    0x080001f8   0x080001f8   0x00000004   Code   RO         4616    .ARM.Collect$$$$00000001  mc_w.l(entry2.o)
    0x080001fc   0x080001fc   0x00000004   Code   RO         4619    .ARM.Collect$$$$00000004  mc_w.l(entry5.o)
    0x08000200   0x08000200   0x00000000   Code   RO         4621    .ARM.Collect$$$$00000008  mc_w.l(entry7b.o)
    0x08000200   0x08000200   0x00000000   Code   RO         4623    .ARM.Collect$$$$0000000A  mc_w.l(entry8b.o)
    0x08000200   0x08000200   0x00000008   Code   RO         4624    .ARM.Collect$$$$0000000B  mc_w.l(entry9a.o)
    0x08000208   0x08000208   0x00000000   Code   RO         4626    .ARM.Collect$$$$0000000D  mc_w.l(entry10a.o)
    0x08000208   0x08000208   0x00000000   Code   RO         4628    .ARM.Collect$$$$0000000F  mc_w.l(entry11a.o)
    0x08000208   0x08000208   0x00000004   Code   RO         4617    .ARM.Collect$$$$00002712  mc_w.l(entry2.o)
    0x0800020c   0x0800020c   0x00000024   Code   RO            4    .text               startup_stm32f767xx.o
    0x08000230   0x08000230   0x00000062   Code   RO         4345    .text               mc_w.l(uldiv.o)
    0x08000292   0x08000292   0x00000024   Code   RO         4347    .text               mc_w.l(memcpya.o)
    0x080002b6   0x080002b6   0x00000024   Code   RO         4349    .text               mc_w.l(memseta.o)
    0x080002da   0x080002da   0x0000000e   Code   RO         4351    .text               mc_w.l(strlen.o)
    0x080002e8   0x080002e8   0x0000002c   Code   RO         4633    .text               mc_w.l(uidiv.o)
    0x08000314   0x08000314   0x0000001e   Code   RO         4635    .text               mc_w.l(llshl.o)
    0x08000332   0x08000332   0x00000020   Code   RO         4637    .text               mc_w.l(llushr.o)
    0x08000352   0x08000352   0x00000000   Code   RO         4639    .text               mc_w.l(iusefp.o)
    0x08000352   0x08000352   0x0000014e   Code   RO         4640    .text               mf_w.l(dadd.o)
    0x080004a0   0x080004a0   0x000000e4   Code   RO         4642    .text               mf_w.l(dmul.o)
    0x08000584   0x08000584   0x000000de   Code   RO         4644    .text               mf_w.l(ddiv.o)
    0x08000662   0x08000662   0x00000030   Code   RO         4646    .text               mf_w.l(dfixul.o)
    0x08000692   0x08000692   0x00000002   PAD
    0x08000694   0x08000694   0x00000030   Code   RO         4648    .text               mf_w.l(cdrcmple.o)
    0x080006c4   0x080006c4   0x00000024   Code   RO         4650    .text               mc_w.l(init.o)
    0x080006e8   0x080006e8   0x00000024   Code   RO         4653    .text               mc_w.l(llsshr.o)
    0x0800070c   0x0800070c   0x000000ba   Code   RO         4656    .text               mf_w.l(depilogue.o)
    0x080007c6   0x080007c6   0x00000056   Code   RO         4666    .text               mc_w.l(__dczerorl2.o)
    0x0800081c   0x0800081c   0x00000138   Code   RO          825    i.ADC_Init          stm32f7xx_hal_adc.o
    0x08000954   0x08000954   0x00000002   Code   RO          704    i.BusFault_Handler  stm32f7xx_it.o
    0x08000956   0x08000956   0x00000002   PAD
    0x08000958   0x08000958   0x00000032   Code   RO          261    i.CRC16_2           main.o
    0x0800098a   0x0800098a   0x00000002   PAD
    0x0800098c   0x0800098c   0x00000044   Code   RO          234    i.DWT_Delay_Init    dwt_stm32_delay.o
    0x080009d0   0x080009d0   0x0000002c   Code   RO          263    i.DWT_Delay_us      main.o
    0x080009fc   0x080009fc   0x00000002   Code   RO          705    i.DebugMon_Handler  stm32f7xx_it.o
    0x080009fe   0x080009fe   0x00000002   PAD
    0x08000a00   0x08000a00   0x00000124   Code   RO         1233    i.ETH_MACDMAConfig  stm32f7xx_hal_eth.o
    0x08000b24   0x08000b24   0x00000006   Code   RO          706    i.EXTI3_IRQHandler  stm32f7xx_it.o
    0x08000b2a   0x08000b2a   0x00000008   Code   RO          707    i.EXTI9_5_IRQHandler  stm32f7xx_it.o
    0x08000b32   0x08000b32   0x00000002   Code   RO          264    i.Error_Handler     main.o
    0x08000b34   0x08000b34   0x00000164   Code   RO          827    i.HAL_ADC_ConfigChannel  stm32f7xx_hal_adc.o
    0x08000c98   0x08000c98   0x00000006   Code   RO          834    i.HAL_ADC_GetValue  stm32f7xx_hal_adc.o
    0x08000c9e   0x08000c9e   0x00000054   Code   RO          836    i.HAL_ADC_Init      stm32f7xx_hal_adc.o
    0x08000cf2   0x08000cf2   0x00000002   PAD
    0x08000cf4   0x08000cf4   0x00000060   Code   RO          453    i.HAL_ADC_MspInit   adc.o
    0x08000d54   0x08000d54   0x000000a0   Code   RO          840    i.HAL_ADC_PollForConversion  stm32f7xx_hal_adc.o
    0x08000df4   0x08000df4   0x000000e0   Code   RO          842    i.HAL_ADC_Start     stm32f7xx_hal_adc.o
    0x08000ed4   0x08000ed4   0x00000024   Code   RO         4032    i.HAL_Delay         stm32f7xx_hal.o
    0x08000ef8   0x08000ef8   0x000001f0   Code   RO         1244    i.HAL_ETH_Init      stm32f7xx_hal_eth.o
    0x080010e8   0x080010e8   0x000000e8   Code   RO          495    i.HAL_ETH_MspInit   eth.o
    0x080011d0   0x080011d0   0x00000086   Code   RO         1247    i.HAL_ETH_ReadPHYRegister  stm32f7xx_hal_eth.o
    0x08001256   0x08001256   0x00000002   PAD
    0x08001258   0x08001258   0x0000007a   Code   RO         1253    i.HAL_ETH_WritePHYRegister  stm32f7xx_hal_eth.o
    0x080012d2   0x080012d2   0x00000002   PAD
    0x080012d4   0x080012d4   0x00000064   Code   RO          265    i.HAL_GPIO_EXTI_Callback  main.o
    0x08001338   0x08001338   0x00000018   Code   RO         3598    i.HAL_GPIO_EXTI_IRQHandler  stm32f7xx_hal_gpio.o
    0x08001350   0x08001350   0x000001d8   Code   RO         3599    i.HAL_GPIO_Init     stm32f7xx_hal_gpio.o
    0x08001528   0x08001528   0x0000000a   Code   RO         3601    i.HAL_GPIO_ReadPin  stm32f7xx_hal_gpio.o
    0x08001532   0x08001532   0x0000000e   Code   RO         3602    i.HAL_GPIO_TogglePin  stm32f7xx_hal_gpio.o
    0x08001540   0x08001540   0x0000000a   Code   RO         3603    i.HAL_GPIO_WritePin  stm32f7xx_hal_gpio.o
    0x0800154a   0x0800154a   0x00000002   PAD
    0x0800154c   0x0800154c   0x0000000c   Code   RO         4042    i.HAL_GetTick       stm32f7xx_hal.o
    0x08001558   0x08001558   0x00000058   Code   RO         1837    i.HAL_I2CEx_ConfigAnalogFilter  stm32f7xx_hal_i2c_ex.o
    0x080015b0   0x080015b0   0x00000054   Code   RO         1838    i.HAL_I2CEx_ConfigDigitalFilter  stm32f7xx_hal_i2c_ex.o
    0x08001604   0x08001604   0x000000b8   Code   RO         1391    i.HAL_I2C_Init      stm32f7xx_hal_i2c.o
    0x080016bc   0x080016bc   0x00000124   Code   RO         1397    i.HAL_I2C_Master_Receive  stm32f7xx_hal_i2c.o
    0x080017e0   0x080017e0   0x00000124   Code   RO         1404    i.HAL_I2C_Master_Transmit  stm32f7xx_hal_i2c.o
    0x08001904   0x08001904   0x00000064   Code   RO          537    i.HAL_I2C_MspInit   i2c.o
    0x08001968   0x08001968   0x00000010   Code   RO         4048    i.HAL_IncTick       stm32f7xx_hal.o
    0x08001978   0x08001978   0x00000016   Code   RO         4049    i.HAL_Init          stm32f7xx_hal.o
    0x0800198e   0x0800198e   0x00000002   PAD
    0x08001990   0x08001990   0x00000040   Code   RO         4050    i.HAL_InitTick      stm32f7xx_hal.o
    0x080019d0   0x080019d0   0x00000030   Code   RO          798    i.HAL_MspInit       stm32f7xx_hal_msp.o
    0x08001a00   0x08001a00   0x0000001a   Code   RO         1102    i.HAL_NVIC_EnableIRQ  stm32f7xx_hal_cortex.o
    0x08001a1a   0x08001a1a   0x00000002   PAD
    0x08001a1c   0x08001a1c   0x00000040   Code   RO         1108    i.HAL_NVIC_SetPriority  stm32f7xx_hal_cortex.o
    0x08001a5c   0x08001a5c   0x00000024   Code   RO         1109    i.HAL_NVIC_SetPriorityGrouping  stm32f7xx_hal_cortex.o
    0x08001a80   0x08001a80   0x00000028   Code   RO         2898    i.HAL_PCDEx_ActivateLPM  stm32f7xx_hal_pcd_ex.o
    0x08001aa8   0x08001aa8   0x000000ea   Code   RO         2699    i.HAL_PCD_Init      stm32f7xx_hal_pcd.o
    0x08001b92   0x08001b92   0x00000002   PAD
    0x08001b94   0x08001b94   0x0000008c   Code   RO          663    i.HAL_PCD_MspInit   usb_otg.o
    0x08001c20   0x08001c20   0x0000006c   Code   RO         3939    i.HAL_PWREx_EnableOverDrive  stm32f7xx_hal_pwr_ex.o
    0x08001c8c   0x08001c8c   0x00000010   Code   RO         3816    i.HAL_PWR_EnableBkUpAccess  stm32f7xx_hal_pwr.o
    0x08001c9c   0x08001c9c   0x0000053c   Code   RO         3360    i.HAL_RCCEx_PeriphCLKConfig  stm32f7xx_hal_rcc_ex.o
    0x080021d8   0x080021d8   0x0000012c   Code   RO         3253    i.HAL_RCC_ClockConfig  stm32f7xx_hal_rcc.o
    0x08002304   0x08002304   0x0000000c   Code   RO         3258    i.HAL_RCC_GetHCLKFreq  stm32f7xx_hal_rcc.o
    0x08002310   0x08002310   0x00000020   Code   RO         3260    i.HAL_RCC_GetPCLK1Freq  stm32f7xx_hal_rcc.o
    0x08002330   0x08002330   0x00000020   Code   RO         3261    i.HAL_RCC_GetPCLK2Freq  stm32f7xx_hal_rcc.o
    0x08002350   0x08002350   0x00000060   Code   RO         3262    i.HAL_RCC_GetSysClockFreq  stm32f7xx_hal_rcc.o
    0x080023b0   0x080023b0   0x0000033c   Code   RO         3265    i.HAL_RCC_OscConfig  stm32f7xx_hal_rcc.o
    0x080026ec   0x080026ec   0x00000002   Code   RO         2016    i.HAL_RTCEx_AlarmBEventCallback  stm32f7xx_hal_rtc_ex.o
    0x080026ee   0x080026ee   0x0000000a   Code   RO         2017    i.HAL_RTCEx_BKUPRead  stm32f7xx_hal_rtc_ex.o
    0x080026f8   0x080026f8   0x0000000a   Code   RO         2018    i.HAL_RTCEx_BKUPWrite  stm32f7xx_hal_rtc_ex.o
    0x08002702   0x08002702   0x00000002   PAD
    0x08002704   0x08002704   0x0000000c   Code   RO          266    i.HAL_RTC_AlarmAEventCallback  main.o
    0x08002710   0x08002710   0x0000005c   Code   RO         1880    i.HAL_RTC_AlarmIRQHandler  stm32f7xx_hal_rtc.o
    0x0800276c   0x0800276c   0x00000080   Code   RO         1883    i.HAL_RTC_GetAlarm  stm32f7xx_hal_rtc.o
    0x080027ec   0x080027ec   0x00000048   Code   RO         1884    i.HAL_RTC_GetDate   stm32f7xx_hal_rtc.o
    0x08002834   0x08002834   0x0000005c   Code   RO         1886    i.HAL_RTC_GetTime   stm32f7xx_hal_rtc.o
    0x08002890   0x08002890   0x000000a0   Code   RO         1887    i.HAL_RTC_Init      stm32f7xx_hal_rtc.o
    0x08002930   0x08002930   0x00000034   Code   RO          579    i.HAL_RTC_MspInit   rtc.o
    0x08002964   0x08002964   0x0000018c   Code   RO         1892    i.HAL_RTC_SetAlarm_IT  stm32f7xx_hal_rtc.o
    0x08002af0   0x08002af0   0x000000cc   Code   RO         1893    i.HAL_RTC_SetDate   stm32f7xx_hal_rtc.o
    0x08002bbc   0x08002bbc   0x000000ec   Code   RO         1894    i.HAL_RTC_SetTime   stm32f7xx_hal_rtc.o
    0x08002ca8   0x08002ca8   0x00000036   Code   RO         1895    i.HAL_RTC_WaitForSynchro  stm32f7xx_hal_rtc.o
    0x08002cde   0x08002cde   0x00000026   Code   RO         1113    i.HAL_SYSTICK_Config  stm32f7xx_hal_cortex.o
    0x08002d04   0x08002d04   0x00000066   Code   RO         2318    i.HAL_UART_Init     stm32f7xx_hal_uart.o
    0x08002d6a   0x08002d6a   0x00000002   PAD
    0x08002d6c   0x08002d6c   0x00000064   Code   RO          621    i.HAL_UART_MspInit  usart.o
    0x08002dd0   0x08002dd0   0x000000b6   Code   RO         2326    i.HAL_UART_Transmit  stm32f7xx_hal_uart.o
    0x08002e86   0x08002e86   0x00000002   Code   RO          708    i.HardFault_Handler  stm32f7xx_it.o
    0x08002e88   0x08002e88   0x00000022   Code   RO         1438    i.I2C_Flush_TXDR    stm32f7xx_hal_i2c.o
    0x08002eaa   0x08002eaa   0x00000002   PAD
    0x08002eac   0x08002eac   0x00000088   Code   RO         1446    i.I2C_IsAcknowledgeFailed  stm32f7xx_hal_i2c.o
    0x08002f34   0x08002f34   0x0000002c   Code   RO         1453    i.I2C_TransferConfig  stm32f7xx_hal_i2c.o
    0x08002f60   0x08002f60   0x0000005a   Code   RO         1454    i.I2C_WaitOnFlagUntilTimeout  stm32f7xx_hal_i2c.o
    0x08002fba   0x08002fba   0x00000002   PAD
    0x08002fbc   0x08002fbc   0x00000088   Code   RO         1455    i.I2C_WaitOnRXNEFlagUntilTimeout  stm32f7xx_hal_i2c.o
    0x08003044   0x08003044   0x0000004e   Code   RO         1456    i.I2C_WaitOnSTOPFlagUntilTimeout  stm32f7xx_hal_i2c.o
    0x08003092   0x08003092   0x00000052   Code   RO         1457    i.I2C_WaitOnTXISFlagUntilTimeout  stm32f7xx_hal_i2c.o
    0x080030e4   0x080030e4   0x00000060   Code   RO          454    i.MX_ADC1_Init      adc.o
    0x08003144   0x08003144   0x00000050   Code   RO          496    i.MX_ETH_Init       eth.o
    0x08003194   0x08003194   0x00000180   Code   RO          428    i.MX_GPIO_Init      gpio.o
    0x08003314   0x08003314   0x00000058   Code   RO          538    i.MX_I2C1_Init      i2c.o
    0x0800336c   0x0800336c   0x000000bc   Code   RO          580    i.MX_RTC_Init       rtc.o
    0x08003428   0x08003428   0x0000003c   Code   RO          622    i.MX_USART3_UART_Init  usart.o
    0x08003464   0x08003464   0x0000003c   Code   RO          664    i.MX_USB_OTG_FS_PCD_Init  usb_otg.o
    0x080034a0   0x080034a0   0x00000002   Code   RO          709    i.MemManage_Handler  stm32f7xx_it.o
    0x080034a2   0x080034a2   0x00000002   Code   RO          710    i.NMI_Handler       stm32f7xx_it.o
    0x080034a4   0x080034a4   0x00000002   Code   RO          711    i.PendSV_Handler    stm32f7xx_it.o
    0x080034a6   0x080034a6   0x00000002   PAD
    0x080034a8   0x080034a8   0x0000000c   Code   RO          712    i.RTC_Alarm_IRQHandler  stm32f7xx_it.o
    0x080034b4   0x080034b4   0x00000012   Code   RO         1896    i.RTC_Bcd2ToByte    stm32f7xx_hal_rtc.o
    0x080034c6   0x080034c6   0x00000016   Code   RO         1897    i.RTC_ByteToBcd2    stm32f7xx_hal_rtc.o
    0x080034dc   0x080034dc   0x0000003a   Code   RO         1898    i.RTC_EnterInitMode  stm32f7xx_hal_rtc.o
    0x08003516   0x08003516   0x00000002   Code   RO          713    i.SVC_Handler       stm32f7xx_it.o
    0x08003518   0x08003518   0x00000014   Code   RO          714    i.SysTick_Handler   stm32f7xx_it.o
    0x0800352c   0x0800352c   0x000000bc   Code   RO          267    i.SystemClock_Config  main.o
    0x080035e8   0x080035e8   0x00000054   Code   RO         4308    i.SystemInit        system_stm32f7xx.o
    0x0800363c   0x0800363c   0x000000c8   Code   RO         2331    i.UART_AdvFeatureConfig  stm32f7xx_hal_uart.o
    0x08003704   0x08003704   0x0000003c   Code   RO         2332    i.UART_CheckIdleState  stm32f7xx_hal_uart.o
    0x08003740   0x08003740   0x00000254   Code   RO         2347    i.UART_SetConfig    stm32f7xx_hal_uart.o
    0x08003994   0x08003994   0x00000060   Code   RO         2350    i.UART_WaitOnFlagUntilTimeout  stm32f7xx_hal_uart.o
    0x080039f4   0x080039f4   0x0000006c   Code   RO         2957    i.USB_CoreInit      stm32f7xx_ll_usb.o
    0x08003a60   0x08003a60   0x00000038   Code   RO         2958    i.USB_CoreReset     stm32f7xx_ll_usb.o
    0x08003a98   0x08003a98   0x00000018   Code   RO         2963    i.USB_DevDisconnect  stm32f7xx_ll_usb.o
    0x08003ab0   0x08003ab0   0x00000194   Code   RO         2964    i.USB_DevInit       stm32f7xx_ll_usb.o
    0x08003c44   0x08003c44   0x0000000c   Code   RO         2965    i.USB_DisableGlobalInt  stm32f7xx_ll_usb.o
    0x08003c50   0x08003c50   0x00000020   Code   RO         2974    i.USB_FlushRxFifo   stm32f7xx_ll_usb.o
    0x08003c70   0x08003c70   0x00000024   Code   RO         2975    i.USB_FlushTxFifo   stm32f7xx_ll_usb.o
    0x08003c94   0x08003c94   0x0000002e   Code   RO         2993    i.USB_SetCurrentMode  stm32f7xx_ll_usb.o
    0x08003cc2   0x08003cc2   0x00000002   Code   RO          715    i.UsageFault_Handler  stm32f7xx_it.o
    0x08003cc4   0x08003cc4   0x00000028   Code   RO         4590    i.__0sprintf        mc_w.l(printfa.o)
    0x08003cec   0x08003cec   0x00000022   Code   RO         1115    i.__NVIC_SetPriority  stm32f7xx_hal_cortex.o
    0x08003d0e   0x08003d0e   0x0000000e   Code   RO         4660    i.__scatterload_copy  mc_w.l(handlers.o)
    0x08003d1c   0x08003d1c   0x00000002   Code   RO         4661    i.__scatterload_null  mc_w.l(handlers.o)
    0x08003d1e   0x08003d1e   0x0000000e   Code   RO         4662    i.__scatterload_zeroinit  mc_w.l(handlers.o)
    0x08003d2c   0x08003d2c   0x00000184   Code   RO         4595    i._fp_digits        mc_w.l(printfa.o)
    0x08003eb0   0x08003eb0   0x000006dc   Code   RO         4596    i._printf_core      mc_w.l(printfa.o)
    0x0800458c   0x0800458c   0x00000024   Code   RO         4597    i._printf_post_padding  mc_w.l(printfa.o)
    0x080045b0   0x080045b0   0x0000002e   Code   RO         4598    i._printf_pre_padding  mc_w.l(printfa.o)
    0x080045de   0x080045de   0x0000000a   Code   RO         4600    i._sputc            mc_w.l(printfa.o)
    0x080045e8   0x080045e8   0x0000013c   Code   RO          268    i.checkstate_timer  main.o
    0x08004724   0x08004724   0x00000080   Code   RO          269    i.get_alarm         main.o
    0x080047a4   0x080047a4   0x0000006c   Code   RO          270    i.get_time          main.o
    0x08004810   0x08004810   0x00000024   Code   RO          271    i.get_timer         main.o
    0x08004834   0x08004834   0x0000056c   Code   RO          272    i.main              main.o
    0x08004da0   0x08004da0   0x0000002c   Code   RO           13    i.max_clear         max_matrix_stm32.o
    0x08004dcc   0x08004dcc   0x00000034   Code   RO           14    i.max_init          max_matrix_stm32.o
    0x08004e00   0x08004e00   0x0000001c   Code   RO           16    i.scroll_string     max_matrix_stm32.o
    0x08004e1c   0x08004e1c   0x000000ec   Code   RO          273    i.set_alarm         main.o
    0x08004f08   0x08004f08   0x000002ec   Code   RO          274    i.set_time          main.o
    0x080051f4   0x080051f4   0x00000084   Code   RO           17    i.setled            max_matrix_stm32.o
    0x08005278   0x08005278   0x00000058   Code   RO           18    i.setrow            max_matrix_stm32.o
    0x080052d0   0x080052d0   0x00000060   Code   RO           19    i.shift_char        max_matrix_stm32.o
    0x08005330   0x08005330   0x00000030   Code   RO           20    i.shiftleft         max_matrix_stm32.o
    0x08005360   0x08005360   0x0000002c   Code   RO           21    i.shiftright        max_matrix_stm32.o
    0x0800538c   0x0800538c   0x00000080   Code   RO          275    i.timer_down        main.o
    0x0800540c   0x0800540c   0x00000058   Code   RO          276    i.timer_up          main.o
    0x08005464   0x08005464   0x00000088   Code   RO          277    i.to_do_alarm       main.o
    0x080054ec   0x080054ec   0x00000044   Code   RO           22    i.write_byte        max_matrix_stm32.o
    0x08005530   0x08005530   0x00000038   Code   RO           23    i.write_char        max_matrix_stm32.o
    0x08005568   0x08005568   0x00000048   Code   RO           24    i.write_max_cmd     max_matrix_stm32.o
    0x080055b0   0x080055b0   0x00000040   Data   RO          279    .constdata          main.o
    0x080055f0   0x080055f0   0x00000010   Data   RO         4309    .constdata          system_stm32f7xx.o
    0x08005600   0x08005600   0x00000008   Data   RO         4310    .constdata          system_stm32f7xx.o
    0x08005608   0x08005608   0x00000020   Data   RO         4658    Region$$Table       anon$$obj.o


    Execution Region RW_IRAM1 (Exec base: 0x20000000, Load base: 0x08005628, Size: 0x00001050, Max: 0x00080000, ABSOLUTE, COMPRESSED[0x000002ec])

    Exec Addr    Load Addr    Size         Type   Attr      Idx    E Section Name        Object

    0x20000000   COMPRESSED   0x000003f8   Data   RW           26    .data               max_matrix_stm32.o
    0x200003f8   COMPRESSED   0x00000030   Data   RW          280    .data               main.o
    0x20000428   COMPRESSED   0x0000000c   Data   RW         4056    .data               stm32f7xx_hal.o
    0x20000434   COMPRESSED   0x00000004   Data   RW         4311    .data               system_stm32f7xx.o
    0x20000438        -       0x000000a0   Zero   RW           25    .bss                max_matrix_stm32.o
    0x200004d8        -       0x000001f4   Zero   RW          278    .bss                main.o
    0x200006cc        -       0x00000048   Zero   RW          455    .bss                adc.o
    0x20000714        -       0x00000048   Zero   RW          497    .bss                eth.o
    0x2000075c        -       0x0000004c   Zero   RW          539    .bss                i2c.o
    0x200007a8        -       0x00000020   Zero   RW          581    .bss                rtc.o
    0x200007c8        -       0x00000080   Zero   RW          623    .bss                usart.o
    0x20000848        -       0x00000404   Zero   RW          665    .bss                usb_otg.o
    0x20000c4c   COMPRESSED   0x00000004   PAD
    0x20000c50        -       0x00000400   Zero   RW            1    STACK               startup_stm32f767xx.o


==============================================================================

Image component sizes


      Code (inc. data)   RO Data    RW Data    ZI Data      Debug   Object Name

       192         26          0          0         72       1797   adc.o
        68         10          0          0          0        561   dwt_stm32_delay.o
       312         36          0          0         72       1947   eth.o
       384         28          0          0          0       1171   gpio.o
       188         24          0          0         76       1793   i2c.o
      3708        490         64         48        500      14197   main.o
       728         48          0       1016        160     927668   max_matrix_stm32.o
       240         20          0          0         32       1823   rtc.o
        36          8        504          0       1024        868   startup_stm32f767xx.o
       150         24          0         12          0       9445   stm32f7xx_hal.o
      1142         48          0          0          0       5434   stm32f7xx_hal_adc.o
       198         12          0          0          0      39191   stm32f7xx_hal_cortex.o
      1044         66          0          0          0       5496   stm32f7xx_hal_eth.o
       530         60          0          0          0       4683   stm32f7xx_hal_gpio.o
      1368         38          0          0          0      11090   stm32f7xx_hal_i2c.o
       172          0          0          0          0       2075   stm32f7xx_hal_i2c_ex.o
        48          6          0          0          0        890   stm32f7xx_hal_msp.o
       234          0          0          0          0       1783   stm32f7xx_hal_pcd.o
        40          6          0          0          0       1076   stm32f7xx_hal_pcd_ex.o
        16          4          0          0          0        579   stm32f7xx_hal_pwr.o
       108          8          0          0          0       1336   stm32f7xx_hal_pwr_ex.o
      1300         70          0          0          0       5828   stm32f7xx_hal_rcc.o
      1340         22          0          0          0       2392   stm32f7xx_hal_rcc_ex.o
      1532         38          0          0          0      10859   stm32f7xx_hal_rtc.o
        22          0          0          0          0       2419   stm32f7xx_hal_rtc_ex.o
      1236         70          0          0          0       6449   stm32f7xx_hal_uart.o
        62         10          0          0          0       5909   stm32f7xx_it.o
       718         36          0          0          0       7344   stm32f7xx_ll_usb.o
        84         16         24          4          0       1323   system_stm32f7xx.o
       160         20          0          0        128       1810   usart.o
       200         16          0          0       1028       1905   usb_otg.o

    ----------------------------------------------------------------------
     17590       1260        624       1080       3096    1081141   Object Totals
         0          0         32          0          0          0   (incl. Generated)
        30          0          0          0          4          0   (incl. Padding)

    ----------------------------------------------------------------------

      Code (inc. data)   RO Data    RW Data    ZI Data      Debug   Library Member Name

        86          0          0          0          0          0   __dczerorl2.o
         0          0          0          0          0          0   entry.o
         0          0          0          0          0          0   entry10a.o
         0          0          0          0          0          0   entry11a.o
         8          4          0          0          0          0   entry2.o
         4          0          0          0          0          0   entry5.o
         0          0          0          0          0          0   entry7b.o
         0          0          0          0          0          0   entry8b.o
         8          4          0          0          0          0   entry9a.o
        30          0          0          0          0          0   handlers.o
        36          8          0          0          0         68   init.o
         0          0          0          0          0          0   iusefp.o
        30          0          0          0          0         68   llshl.o
        36          0          0          0          0         68   llsshr.o
        32          0          0          0          0         68   llushr.o
        36          0          0          0          0         68   memcpya.o
        36          0          0          0          0        108   memseta.o
      2276         86          0          0          0        520   printfa.o
        14          0          0          0          0         68   strlen.o
        44          0          0          0          0         80   uidiv.o
        98          0          0          0          0         92   uldiv.o
        48          0          0          0          0         68   cdrcmple.o
       334          0          0          0          0        148   dadd.o
       222          0          0          0          0        100   ddiv.o
       186          0          0          0          0        176   depilogue.o
        48          0          0          0          0         68   dfixul.o
       228          0          0          0          0         96   dmul.o

    ----------------------------------------------------------------------
      3842        102          0          0          0       1864   Library Totals
         2          0          0          0          0          0   (incl. Padding)

    ----------------------------------------------------------------------

      Code (inc. data)   RO Data    RW Data    ZI Data      Debug   Library Name

      2774        102          0          0          0       1208   mc_w.l
      1066          0          0          0          0        656   mf_w.l

    ----------------------------------------------------------------------
      3842        102          0          0          0       1864   Library Totals

    ----------------------------------------------------------------------

==============================================================================


      Code (inc. data)   RO Data    RW Data    ZI Data      Debug   

     21432       1362        624       1080       3096    1069953   Grand Totals
     21432       1362        624        748       3096    1069953   ELF Image Totals (compressed)
     21432       1362        624        748          0          0   ROM Totals

==============================================================================

    Total RO  Size (Code + RO Data)                22056 (  21.54kB)
    Total RW  Size (RW Data + ZI Data)              4176 (   4.08kB)
    Total ROM Size (Code + RO Data + RW Data)      22804 (  22.27kB)

==============================================================================

