<html>
<body>
<pre>
<h1>µVision Build Log</h1>
<h2>Tool Versions:</h2>
IDE-Version: µVision V5.28.0.0
Copyright (C) 2019 ARM Ltd and ARM Germany GmbH. All rights reserved.
License Information: M Sak, kmitl, LIC=----
 
Tool Versions:
Toolchain:       MDK-Lite  Version: 5.28.0.0
Toolchain Path:  C:\Keil_v5\ARM\ARMCC\Bin
C Compiler:      Armcc.exe V5.06 update 6 (build 750)
Assembler:       Armasm.exe V5.06 update 6 (build 750)
Linker/Locator:  ArmLink.exe V5.06 update 6 (build 750)
Library Manager: ArmAr.exe V5.06 update 6 (build 750)
Hex Converter:   FromElf.exe V5.06 update 6 (build 750)
CPU DLL:         SARMCM3.DLL V5.28.0.0
Dialog DLL:      DCM.DLL V1.17.3.0
Target DLL:      STLink\ST-LINKIII-KEIL_SWO.dll V3.0.6.0
Dialog DLL:      TCM.DLL V1.36.2.0
 
<h2>Project:</h2>
C:\Users\LittleDog\Downloads\testDotMatrix-master\testDotMatrix-master\MDK-ARM\DotMatrix.uvprojx
Project File Date:  11/25/2019

<h2>Output:</h2>
*** Using Compiler 'V5.06 update 6 (build 750)', folder: 'C:\Keil_v5\ARM\ARMCC\Bin'
Build target 'DotMatrix'
compiling main.c...
..\..\testDotMatrix-master\dwt_stm32_delay.h(42): warning:  #1-D: last line of file ends without a newline
  #endif
../Src/main.c(95): warning:  #1295-D: Deprecated declaration Clock_Metrix_Display - give arg types
  void Clock_Metrix_Display();
../Src/main.c(96): warning:  #1295-D: Deprecated declaration get_timer - give arg types
  void get_timer();
../Src/main.c(97): warning:  #1295-D: Deprecated declaration get_alarm - give arg types
  void get_alarm();
../Src/main.c(130): warning:  #186-D: pointless comparison of unsigned integer with zero
  		if(setHours < 0x0) {
../Src/main.c(152): warning:  #186-D: pointless comparison of unsigned integer with zero
  		if(setMinutes < 0x0){
../Src/main.c(272): warning:  #186-D: pointless comparison of unsigned integer with zero
  			if(set_alarm_Hours < 0x0) {
../Src/main.c(290): warning:  #186-D: pointless comparison of unsigned integer with zero
  			if(set_alarm_minute < 0x0){
../Src/main.c(381): warning:  #186-D: pointless comparison of unsigned integer with zero
  		else if(timer_minute <0 ) {
../Src/main.c(396): warning:  #186-D: pointless comparison of unsigned integer with zero
  		else if(timer_second <0 ) {
../Src/main.c(705): warning:  #1035-D: single-precision operand implicitly converted to double-precision
  		dustDensity = ((0.17*calcVoltage) - 0.1)*100;
../Src/main.c(550): warning:  #177-D: variable "n"  was declared but never referenced
  char BufferAQI[100],n,check[50];
../Src/main.c: 12 warnings, 0 errors
linking...
Program Size: Code=21432 RO-data=624 RW-data=1080 ZI-data=3096  
FromELF: creating hex file...
"DotMatrix\DotMatrix.axf" - 0 Error(s), 12 Warning(s).

<h2>Software Packages used:</h2>

Package Vendor: ARM
                http://www.keil.com/pack/ARM.CMSIS.5.6.0.pack
                ARM.CMSIS.5.6.0
                CMSIS (Cortex Microcontroller Software Interface Standard)
   * Component: CORE Version: 5.3.0

Package Vendor: Keil
                https://www.keil.com/pack/Keil.STM32F7xx_DFP.2.12.0.pack
                Keil.STM32F7xx_DFP.2.12.0
                STMicroelectronics STM32F7 Series Device Support, Drivers and Examples

<h2>Collection of Component include folders:</h2>
  .\RTE\_DotMatrix
  C:\Users\LittleDog\AppData\Local\Arm\Packs\ARM\CMSIS\5.6.0\CMSIS\Core\Include
  C:\Users\LittleDog\AppData\Local\Arm\Packs\Keil\STM32F7xx_DFP\2.12.0\Drivers\CMSIS\Device\ST\STM32F7xx\Include

<h2>Collection of Component Files used:</h2>

   * Component: ARM::CMSIS:CORE:5.3.0
Build Time Elapsed:  00:00:10
</pre>
</body>
</html>
